Archive member included to satisfy reference by file (symbol)

D:/NXP/S32DS.3.4/S32DS/build_tools/gcc_b1620/gcc-6.3-arm32-eabi/arm-none-eabi/newlib/lib/thumb/v7e-m\libc.a(lib_a-exit.o)
                              D:/NXP/S32DS.3.4/S32DS/build_tools/gcc_b1620/gcc-6.3-arm32-eabi/arm-none-eabi/newlib/lib/thumb/v7e-m/crt0.o (exit)
D:/NXP/S32DS.3.4/S32DS/build_tools/gcc_b1620/gcc-6.3-arm32-eabi/arm-none-eabi/newlib/lib/thumb/v7e-m\libc.a(lib_a-impure.o)
                              D:/NXP/S32DS.3.4/S32DS/build_tools/gcc_b1620/gcc-6.3-arm32-eabi/arm-none-eabi/newlib/lib/thumb/v7e-m\libc.a(lib_a-exit.o) (_global_impure_ptr)
D:/NXP/S32DS.3.4/S32DS/build_tools/gcc_b1620/gcc-6.3-arm32-eabi/arm-none-eabi/newlib/lib/thumb/v7e-m\libc.a(lib_a-init.o)
                              D:/NXP/S32DS.3.4/S32DS/build_tools/gcc_b1620/gcc-6.3-arm32-eabi/arm-none-eabi/newlib/lib/thumb/v7e-m/crt0.o (__libc_init_array)
D:/NXP/S32DS.3.4/S32DS/build_tools/gcc_b1620/gcc-6.3-arm32-eabi/arm-none-eabi/newlib/lib/thumb/v7e-m\libc.a(lib_a-memset.o)
                              D:/NXP/S32DS.3.4/S32DS/build_tools/gcc_b1620/gcc-6.3-arm32-eabi/arm-none-eabi/newlib/lib/thumb/v7e-m/crt0.o (memset)
D:/NXP/S32DS.3.4/S32DS/build_tools/gcc_b1620/gcc-6.3-arm32-eabi/arm-none-eabi/newlib/lib/thumb/v7e-m\libc.a(lib_a-__call_atexit.o)
                              D:/NXP/S32DS.3.4/S32DS/build_tools/gcc_b1620/gcc-6.3-arm32-eabi/arm-none-eabi/newlib/lib/thumb/v7e-m\libc.a(lib_a-exit.o) (__call_exitprocs)
D:/NXP/S32DS.3.4/S32DS/build_tools/gcc_b1620/gcc-6.3-arm32-eabi/arm-none-eabi/newlib/lib/thumb/v7e-m\libc.a(lib_a-fini.o)
                              D:/NXP/S32DS.3.4/S32DS/build_tools/gcc_b1620/gcc-6.3-arm32-eabi/arm-none-eabi/newlib/lib/thumb/v7e-m\libc.a(lib_a-__call_atexit.o) (__libc_fini_array)
D:/NXP/S32DS.3.4/S32DS/build_tools/gcc_b1620/gcc-6.3-arm32-eabi/arm-none-eabi/newlib/lib/thumb/v7e-m\libc.a(lib_a-atexit.o)
                              D:/NXP/S32DS.3.4/S32DS/build_tools/gcc_b1620/gcc-6.3-arm32-eabi/arm-none-eabi/newlib/lib/thumb/v7e-m\libc.a(lib_a-__call_atexit.o) (atexit)
D:/NXP/S32DS.3.4/S32DS/build_tools/gcc_b1620/gcc-6.3-arm32-eabi/arm-none-eabi/newlib/lib/thumb/v7e-m\libc.a(lib_a-__atexit.o)
                              D:/NXP/S32DS.3.4/S32DS/build_tools/gcc_b1620/gcc-6.3-arm32-eabi/arm-none-eabi/newlib/lib/thumb/v7e-m\libc.a(lib_a-atexit.o) (__register_exitproc)
D:/NXP/S32DS.3.4/S32DS/build_tools/gcc_b1620/gcc-6.3-arm32-eabi/arm-none-eabi/newlib/lib/thumb/v7e-m\libnosys.a(_exit.o)
                              D:/NXP/S32DS.3.4/S32DS/build_tools/gcc_b1620/gcc-6.3-arm32-eabi/arm-none-eabi/newlib/lib/thumb/v7e-m\libc.a(lib_a-exit.o) (_exit)

Discarded input sections

 .text          0x00000000        0x0 d:/nxp/s32ds.3.4/s32ds/build_tools/gcc_v6.3/gcc-6.3-arm32-eabi/bin/../lib/gcc/arm-none-eabi/6.3.1/thumb/v7e-m/crti.o
 .data          0x00000000        0x0 d:/nxp/s32ds.3.4/s32ds/build_tools/gcc_v6.3/gcc-6.3-arm32-eabi/bin/../lib/gcc/arm-none-eabi/6.3.1/thumb/v7e-m/crti.o
 .bss           0x00000000        0x0 d:/nxp/s32ds.3.4/s32ds/build_tools/gcc_v6.3/gcc-6.3-arm32-eabi/bin/../lib/gcc/arm-none-eabi/6.3.1/thumb/v7e-m/crti.o
 .text          0x00000000       0xa4 d:/nxp/s32ds.3.4/s32ds/build_tools/gcc_v6.3/gcc-6.3-arm32-eabi/bin/../lib/gcc/arm-none-eabi/6.3.1/thumb/v7e-m/crtbegin.o
 .data          0x00000000        0x4 d:/nxp/s32ds.3.4/s32ds/build_tools/gcc_v6.3/gcc-6.3-arm32-eabi/bin/../lib/gcc/arm-none-eabi/6.3.1/thumb/v7e-m/crtbegin.o
 .bss           0x00000000       0x1c d:/nxp/s32ds.3.4/s32ds/build_tools/gcc_v6.3/gcc-6.3-arm32-eabi/bin/../lib/gcc/arm-none-eabi/6.3.1/thumb/v7e-m/crtbegin.o
 .init_array    0x00000000        0x4 d:/nxp/s32ds.3.4/s32ds/build_tools/gcc_v6.3/gcc-6.3-arm32-eabi/bin/../lib/gcc/arm-none-eabi/6.3.1/thumb/v7e-m/crtbegin.o
 .fini_array    0x00000000        0x4 d:/nxp/s32ds.3.4/s32ds/build_tools/gcc_v6.3/gcc-6.3-arm32-eabi/bin/../lib/gcc/arm-none-eabi/6.3.1/thumb/v7e-m/crtbegin.o
 .eh_frame      0x00000000        0x0 d:/nxp/s32ds.3.4/s32ds/build_tools/gcc_v6.3/gcc-6.3-arm32-eabi/bin/../lib/gcc/arm-none-eabi/6.3.1/thumb/v7e-m/crtbegin.o
 .jcr           0x00000000        0x0 d:/nxp/s32ds.3.4/s32ds/build_tools/gcc_v6.3/gcc-6.3-arm32-eabi/bin/../lib/gcc/arm-none-eabi/6.3.1/thumb/v7e-m/crtbegin.o
 .tm_clone_table
                0x00000000        0x0 d:/nxp/s32ds.3.4/s32ds/build_tools/gcc_v6.3/gcc-6.3-arm32-eabi/bin/../lib/gcc/arm-none-eabi/6.3.1/thumb/v7e-m/crtbegin.o
 .comment       0x00000000       0xa1 d:/nxp/s32ds.3.4/s32ds/build_tools/gcc_v6.3/gcc-6.3-arm32-eabi/bin/../lib/gcc/arm-none-eabi/6.3.1/thumb/v7e-m/crtbegin.o
 .ARM.attributes
                0x00000000       0x2e d:/nxp/s32ds.3.4/s32ds/build_tools/gcc_v6.3/gcc-6.3-arm32-eabi/bin/../lib/gcc/arm-none-eabi/6.3.1/thumb/v7e-m/crtbegin.o
 .text          0x00000000       0x7c D:/NXP/S32DS.3.4/S32DS/build_tools/gcc_b1620/gcc-6.3-arm32-eabi/arm-none-eabi/newlib/lib/thumb/v7e-m/crt0.o
[...]
Memory Configuration

Name             Origin             Length             Attributes
m_interrupts     0x00000000         0x00000400         xr
m_flash_config   0x00000400         0x00000010         xr
m_text           0x00000410         0x0007fbf0         xr
m_data           0x1fff8000         0x00008000         rw
m_data_2         0x20000000         0x00007000         rw
*default*        0x00000000         0xffffffff

Linker script and memory map

LOAD d:/nxp/s32ds.3.4/s32ds/build_tools/gcc_v6.3/gcc-6.3-arm32-eabi/bin/../lib/gcc/arm-none-eabi/6.3.1/thumb/v7e-m/crti.o
LOAD d:/nxp/s32ds.3.4/s32ds/build_tools/gcc_v6.3/gcc-6.3-arm32-eabi/bin/../lib/gcc/arm-none-eabi/6.3.1/thumb/v7e-m/crtbegin.o
LOAD D:/NXP/S32DS.3.4/S32DS/build_tools/gcc_b1620/gcc-6.3-arm32-eabi/arm-none-eabi/newlib/lib/thumb/v7e-m/crt0.o
LOAD ./Project_Settings/Startup_Code/startup_S32K144.o
LOAD ./SDK/platform/devices/S32K144/startup/system_S32K144.o
LOAD ./SDK/platform/devices/startup.o
LOAD ./SDK/platform/drivers/src/clock/S32K1xx/clock_S32K1xx.o
LOAD ./SDK/platform/drivers/src/edma/edma_driver.o
LOAD ./SDK/platform/drivers/src/edma/edma_hw_access.o
LOAD ./SDK/platform/drivers/src/edma/edma_irq.o
LOAD ./SDK/platform/drivers/src/interrupt/interrupt_manager.o
LOAD ./SDK/platform/drivers/src/lpuart/lpuart_driver.o
LOAD ./SDK/platform/drivers/src/lpuart/lpuart_hw_access.o
LOAD ./SDK/platform/drivers/src/lpuart/lpuart_irq.o
LOAD ./SDK/platform/drivers/src/pins/pins_driver.o
LOAD ./SDK/platform/drivers/src/pins/pins_port_hw_access.o
LOAD ./SDK/rtos/osif/osif_baremetal.o
LOAD ./board/clock_config.o
LOAD ./board/peripherals_terminal_screen.o
LOAD ./board/pin_mux.o
LOAD ./src/main.o
START GROUP
LOAD d:/nxp/s32ds.3.4/s32ds/build_tools/gcc_v6.3/gcc-6.3-arm32-eabi/bin/../lib/gcc/arm-none-eabi/6.3.1/thumb/v7e-m\libgcc.a
LOAD D:/NXP/S32DS.3.4/S32DS/build_tools/gcc_b1620/gcc-6.3-arm32-eabi/arm-none-eabi/newlib/lib/thumb/v7e-m\libc.a
END GROUP
START GROUP
LOAD d:/nxp/s32ds.3.4/s32ds/build_tools/gcc_v6.3/gcc-6.3-arm32-eabi/bin/../lib/gcc/arm-none-eabi/6.3.1/thumb/v7e-m\libgcc.a
LOAD D:/NXP/S32DS.3.4/S32DS/build_tools/gcc_b1620/gcc-6.3-arm32-eabi/arm-none-eabi/newlib/lib/thumb/v7e-m\libc.a
LOAD D:/NXP/S32DS.3.4/S32DS/build_tools/gcc_b1620/gcc-6.3-arm32-eabi/arm-none-eabi/newlib/lib/thumb/v7e-m\libnosys.a
END GROUP
LOAD d:/nxp/s32ds.3.4/s32ds/build_tools/gcc_v6.3/gcc-6.3-arm32-eabi/bin/../lib/gcc/arm-none-eabi/6.3.1/thumb/v7e-m/crtend.o
LOAD d:/nxp/s32ds.3.4/s32ds/build_tools/gcc_v6.3/gcc-6.3-arm32-eabi/bin/../lib/gcc/arm-none-eabi/6.3.1/thumb/v7e-m/crtn.o
                0x00000400                HEAP_SIZE = DEFINED (__heap_size__)?__heap_size__:0x400
                0x00000400                STACK_SIZE = DEFINED (__stack_size__)?__stack_size__:0x400
                0x00000400                M_VECTOR_RAM_SIZE = DEFINED (__flash_vector_table__)?0x0:0x400

.interrupts     0x00000000      0x400
                0x00000000                __VECTOR_TABLE = .
                0x00000000                __interrupts_start__ = .
                0x00000000                . = ALIGN (0x4)
 *(.isr_vector)
 .isr_vector    0x00000000      0x400 ./Project_Settings/Startup_Code/startup_S32K144.o
                0x00000000                __isr_vector
                0x00000400                __interrupts_end__ = .
                0x00000400                . = ALIGN (0x4)

.flash_config   0x00000400       0x10
                0x00000400                . = ALIGN (0x4)
 *(.FlashConfig)
 .FlashConfig   0x00000400       0x10 ./Project_Settings/Startup_Code/startup_S32K144.o
                0x00000410                . = ALIGN (0x4)

.text           0x00000410     0x2674
                0x00000410                . = ALIGN (0x4)
 *(.text)
 .text          0x00000410       0x6c ./Project_Settings/Startup_Code/startup_S32K144.o
                0x00000410                Reset_Handler
                0x00000478                DebugMon_Handler
                0x00000478                Reserved88_IRQHandler
                0x00000478                CAN0_ORed_IRQHandler
                0x00000478                HardFault_Handler
                0x00000478                Reserved86_IRQHandler
                0x00000478                Reserved103_IRQHandler
                0x00000478                FTM2_Ovf_Reload_IRQHandler
                0x00000478                Reserved50_IRQHandler
                0x00000478                FTFC_Fault_IRQHandler
                0x00000478                FTM0_Ch6_Ch7_IRQHandler
                0x00000478                Reserved114_IRQHandler
                0x00000478                PendSV_Handler
                0x00000478                NMI_Handler
                0x00000478                Reserved89_IRQHandler
                0x00000478                ERM_double_fault_IRQHandler
                0x00000478                Reserved59_IRQHandler
                0x00000478                LPIT0_Ch0_IRQHandler
                0x00000478                Reserved99_IRQHandler
                0x00000478                FTM3_Ch6_Ch7_IRQHandler
                0x00000478                CAN2_ORed_0_15_MB_IRQHandler
                0x00000478                LPIT0_Ch3_IRQHandler
                0x00000478                Reserved92_IRQHandler
                0x00000478                FTM0_Ch4_Ch5_IRQHandler
                0x00000478                CAN1_Error_IRQHandler
                0x00000478                FTM3_Ch0_Ch1_IRQHandler
                0x00000478                SWI_IRQHandler
                0x00000478                ADC0_IRQHandler
                0x00000478                FTM2_Ch4_Ch5_IRQHandler
                0x00000478                UsageFault_Handler
                0x00000478                FTM0_Ovf_Reload_IRQHandler
                0x00000478                DefaultISR
                0x00000478                Reserved58_IRQHandler
                0x00000478                CAN1_ORed_0_15_MB_IRQHandler
                0x00000478                FTM1_Ch2_Ch3_IRQHandler
                0x00000478                Reserved82_IRQHandler
                0x00000478                CAN0_ORed_16_31_MB_IRQHandler
                0x00000478                LPI2C0_Slave_IRQHandler
                0x00000478                Reserved71_IRQHandler
                0x00000478                PORTD_IRQHandler
                0x00000478                Reserved69_IRQHandler
                0x00000478                PORTB_IRQHandler
                0x00000478                Reserved70_IRQHandler
                0x00000478                ADC1_IRQHandler
                0x00000478                FTM2_Ch2_Ch3_IRQHandler
                0x00000478                Reserved53_IRQHandler
                0x00000478                RTC_IRQHandler
                0x00000478                PDB0_IRQHandler
                0x00000478                Reserved54_IRQHandler
                0x00000478                FTM2_Ch6_Ch7_IRQHandler
                0x00000478                FTM3_Ch2_Ch3_IRQHandler
                0x00000478                FTM2_Ch0_Ch1_IRQHandler
                0x00000478                LPSPI1_IRQHandler
                0x00000478                LPUART1_RxTx_IRQHandler
                0x00000478                RTC_Seconds_IRQHandler
                0x00000478                CAN2_ORed_IRQHandler
                0x00000478                Reserved72_IRQHandler
                0x00000478                Reserved110_IRQHandler
                0x00000478                Reserved107_IRQHandler
                0x00000478                Read_Collision_IRQHandler
                0x00000478                CAN2_Error_IRQHandler
                0x00000478                FTFC_IRQHandler
                0x00000478                FTM1_Ch6_Ch7_IRQHandler
                0x00000478                Reserved105_IRQHandler
                0x00000478                LPIT0_Ch1_IRQHandler
                0x00000478                FTM1_Ch4_Ch5_IRQHandler
                0x00000478                FTM3_Ovf_Reload_IRQHandler
                0x00000478                LPUART2_RxTx_IRQHandler
                0x00000478                LPSPI0_IRQHandler
                0x00000478                WDOG_EWM_IRQHandler
                0x00000478                MemManage_Handler
                0x00000478                Reserved90_IRQHandler
                0x00000478                Reserved83_IRQHandler
                0x00000478                FTM0_Fault_IRQHandler
                0x00000478                Reserved48_IRQHandler
                0x00000478                SVC_Handler
                0x00000478                ERM_single_fault_IRQHandler
                0x00000478                FTM2_Fault_IRQHandler
                0x00000478                FTM0_Ch2_Ch3_IRQHandler
                0x00000478                FTM0_Ch0_Ch1_IRQHandler
                0x00000478                FTM3_Fault_IRQHandler
                0x00000478                RCM_IRQHandler
                0x00000478                Reserved100_IRQHandler
                0x00000478                Reserved91_IRQHandler
                0x00000478                CAN1_ORed_IRQHandler
                0x00000478                SCG_IRQHandler
                0x00000478                PDB1_IRQHandler
                0x00000478                Reserved81_IRQHandler
                0x00000478                Reserved46_IRQHandler
                0x00000478                Reserved45_IRQHandler
                0x00000478                CAN0_Error_IRQHandler
                0x00000478                Reserved112_IRQHandler
                0x00000478                LPI2C0_Master_IRQHandler
                0x00000478                FTM1_Fault_IRQHandler
                0x00000478                Reserved106_IRQHandler
                0x00000478                LVD_LVW_IRQHandler
                0x00000478                LPIT0_Ch2_IRQHandler
                0x00000478                PORTA_IRQHandler
                0x00000478                MCM_IRQHandler
                0x00000478                LPSPI2_IRQHandler
                0x00000478                FTM3_Ch4_Ch5_IRQHandler
                0x00000478                CAN0_ORed_0_15_MB_IRQHandler
                0x00000478                PORTE_IRQHandler
                0x00000478                LPUART0_RxTx_IRQHandler
                0x00000478                LPTMR0_IRQHandler
                0x00000478                BusFault_Handler
                0x00000478                Reserved87_IRQHandler
                0x00000478                FTM1_Ovf_Reload_IRQHandler
                0x00000478                Reserved93_IRQHandler
                0x00000478                CAN0_Wake_Up_IRQHandler
                0x00000478                CMP0_IRQHandler
                0x00000478                Reserved52_IRQHandler
                0x00000478                PORTC_IRQHandler
                0x00000478                FTM1_Ch0_Ch1_IRQHandler
                0x00000478                FLEXIO_IRQHandler
                0x00000478                Reserved113_IRQHandler
 *(.text*)
 .text.SystemInit
                0x0000047c       0x20 ./SDK/platform/devices/S32K144/startup/system_S32K144.o
                0x0000047c                SystemInit
 .text.init_data_bss
                0x0000049c       0xd4 ./SDK/platform/devices/startup.o
                0x0000049c                init_data_bss
 .text.CLOCK_SYS_GetCurrentRunMode
                0x00000570       0x24 ./SDK/platform/drivers/src/clock/S32K1xx/clock_S32K1xx.o
 .text.CLOCK_SYS_GetSysOscFreq
                0x00000594       0x1c ./SDK/platform/drivers/src/clock/S32K1xx/clock_S32K1xx.o
 .text.CLOCK_SYS_ConfigureSOSC
                0x000005b0      0x12c ./SDK/platform/drivers/src/clock/S32K1xx/clock_S32K1xx.o
 .text.CLOCK_SYS_GetSircFreq
                0x000006dc       0x2c ./SDK/platform/drivers/src/clock/S32K1xx/clock_S32K1xx.o
 .text.CLOCK_SYS_ConfigureSIRC
                0x00000708       0xc4 ./SDK/platform/drivers/src/clock/S32K1xx/clock_S32K1xx.o
 .text.CLOCK_SYS_GetFircFreq
                0x000007cc       0x20 ./SDK/platform/drivers/src/clock/S32K1xx/clock_S32K1xx.o
 .text.CLOCK_SYS_ConfigureFIRC
                0x000007ec       0xb4 ./SDK/platform/drivers/src/clock/S32K1xx/clock_S32K1xx.o
 .text.CLOCK_SYS_GetSysPllFreq
                0x000008a0       0x44 ./SDK/platform/drivers/src/clock/S32K1xx/clock_S32K1xx.o
 .text.CLOCK_SYS_ConfigureSPLL
                0x000008e4      0x114 ./SDK/platform/drivers/src/clock/S32K1xx/clock_S32K1xx.o
 .text.CLOCK_SYS_SetSystemClockConfig
                0x000009f8      0x1e4 ./SDK/platform/drivers/src/clock/S32K1xx/clock_S32K1xx.o
 .text.CLOCK_SYS_TransitionSystemClock
                0x00000bdc       0x3c ./SDK/platform/drivers/src/clock/S32K1xx/clock_S32K1xx.o
 .text.CLOCK_SYS_GetSystemClockFreq
                0x00000c18       0x78 ./SDK/platform/drivers/src/clock/S32K1xx/clock_S32K1xx.o
 .text.CLOCK_SYS_GetScgClkOutFreq
                0x00000c90       0x48 ./SDK/platform/drivers/src/clock/S32K1xx/clock_S32K1xx.o
 .text.CLOCK_SYS_GetSysAsyncFreq
                0x00000cd8       0xdc ./SDK/platform/drivers/src/clock/S32K1xx/clock_S32K1xx.o
 .text.CLOCK_SYS_GetSimRtcClkFreq
                0x00000db4       0x50 ./SDK/platform/drivers/src/clock/S32K1xx/clock_S32K1xx.o
 .text.CLOCK_SYS_GetLpoFreq
                0x00000e04       0x4c ./SDK/platform/drivers/src/clock/S32K1xx/clock_S32K1xx.o
 .text.CLOCK_SYS_GetSimClkOutFreq
                0x00000e50       0xac ./SDK/platform/drivers/src/clock/S32K1xx/clock_S32K1xx.o
 .text.CLOCK_SYS_GetSimClockFreq
                0x00000efc      0x1b0 ./SDK/platform/drivers/src/clock/S32K1xx/clock_S32K1xx.o
 .text.CLOCK_SYS_GetPeripheralClock
                0x000010ac       0xcc ./SDK/platform/drivers/src/clock/S32K1xx/clock_S32K1xx.o
 .text.CLOCK_DRV_Init
                0x00001178      0x614 ./SDK/platform/drivers/src/clock/S32K1xx/clock_S32K1xx.o
                0x00001178                CLOCK_DRV_Init
 .text.CLOCK_DRV_GetFreq
                0x0000178c      0x230 ./SDK/platform/drivers/src/clock/S32K1xx/clock_S32K1xx.o
                0x0000178c                CLOCK_DRV_GetFreq
 .text.CLOCK_SYS_GetFreq
                0x000019bc        0x8 ./SDK/platform/drivers/src/clock/S32K1xx/clock_S32K1xx.o
                0x000019bc                CLOCK_SYS_GetFreq
 .text.EDMA_DRV_IRQHandler
                0x000019c4       0x2c ./SDK/platform/drivers/src/edma/edma_driver.o
                0x000019c4                EDMA_DRV_IRQHandler
 .text.EDMA_DRV_ErrorIRQHandler
                0x000019f0       0x3c ./SDK/platform/drivers/src/edma/edma_driver.o
                0x000019f0                EDMA_DRV_ErrorIRQHandler
 .text.EDMA_DRV_StopChannel
                0x00001a2c       0x18 ./SDK/platform/drivers/src/edma/edma_driver.o
                0x00001a2c                EDMA_DRV_StopChannel
 .text.EDMA_DRV_GetDmaRegBaseAddr
                0x00001a44        0x8 ./SDK/platform/drivers/src/edma/edma_driver.o
                0x00001a44                EDMA_DRV_GetDmaRegBaseAddr
 .text.EDMA_SetDmaRequestCmd
                0x00001a4c        0xa ./SDK/platform/drivers/src/edma/edma_hw_access.o
                0x00001a4c                EDMA_SetDmaRequestCmd
 .text.DMA0_IRQHandler
                0x00001a56        0xa ./SDK/platform/drivers/src/edma/edma_irq.o
                0x00001a56                DMA0_IRQHandler
 .text.DMA1_IRQHandler
                0x00001a60        0xa ./SDK/platform/drivers/src/edma/edma_irq.o
                0x00001a60                DMA1_IRQHandler
 .text.DMA2_IRQHandler
                0x00001a6a        0xa ./SDK/platform/drivers/src/edma/edma_irq.o
                0x00001a6a                DMA2_IRQHandler
 .text.DMA3_IRQHandler
                0x00001a74        0xa ./SDK/platform/drivers/src/edma/edma_irq.o
                0x00001a74                DMA3_IRQHandler
 .text.DMA4_IRQHandler
                0x00001a7e        0xa ./SDK/platform/drivers/src/edma/edma_irq.o
                0x00001a7e                DMA4_IRQHandler
 .text.DMA5_IRQHandler
                0x00001a88        0xa ./SDK/platform/drivers/src/edma/edma_irq.o
                0x00001a88                DMA5_IRQHandler
 .text.DMA6_IRQHandler
                0x00001a92        0xa ./SDK/platform/drivers/src/edma/edma_irq.o
                0x00001a92                DMA6_IRQHandler
 .text.DMA7_IRQHandler
                0x00001a9c        0xa ./SDK/platform/drivers/src/edma/edma_irq.o
                0x00001a9c                DMA7_IRQHandler
 .text.DMA8_IRQHandler
                0x00001aa6        0xa ./SDK/platform/drivers/src/edma/edma_irq.o
                0x00001aa6                DMA8_IRQHandler
 .text.DMA9_IRQHandler
                0x00001ab0        0xa ./SDK/platform/drivers/src/edma/edma_irq.o
                0x00001ab0                DMA9_IRQHandler
 .text.DMA10_IRQHandler
                0x00001aba        0xa ./SDK/platform/drivers/src/edma/edma_irq.o
                0x00001aba                DMA10_IRQHandler
 .text.DMA11_IRQHandler
                0x00001ac4        0xa ./SDK/platform/drivers/src/edma/edma_irq.o
                0x00001ac4                DMA11_IRQHandler
 .text.DMA12_IRQHandler
                0x00001ace        0xa ./SDK/platform/drivers/src/edma/edma_irq.o
                0x00001ace                DMA12_IRQHandler
 .text.DMA13_IRQHandler
                0x00001ad8        0xa ./SDK/platform/drivers/src/edma/edma_irq.o
                0x00001ad8                DMA13_IRQHandler
 .text.DMA14_IRQHandler
                0x00001ae2        0xa ./SDK/platform/drivers/src/edma/edma_irq.o
                0x00001ae2                DMA14_IRQHandler
 .text.DMA15_IRQHandler
                0x00001aec        0xa ./SDK/platform/drivers/src/edma/edma_irq.o
                0x00001aec                DMA15_IRQHandler
 .text.DMA_Error_IRQHandler
                0x00001af6       0x28 ./SDK/platform/drivers/src/edma/edma_irq.o
                0x00001af6                DMA_Error_IRQHandler
 *fill*         0x00001b1e        0x2 
 .text.INT_SYS_InstallHandler
                0x00001b20       0x40 ./SDK/platform/drivers/src/interrupt/interrupt_manager.o
                0x00001b20                INT_SYS_InstallHandler
 .text.INT_SYS_EnableIRQ
                0x00001b60       0x18 ./SDK/platform/drivers/src/interrupt/interrupt_manager.o
                0x00001b60                INT_SYS_EnableIRQ
 .text.INT_SYS_EnableIRQGlobal
                0x00001b78       0x1c ./SDK/platform/drivers/src/interrupt/interrupt_manager.o
                0x00001b78                INT_SYS_EnableIRQGlobal
 .text.INT_SYS_DisableIRQGlobal
                0x00001b94       0x10 ./SDK/platform/drivers/src/interrupt/interrupt_manager.o
                0x00001b94                INT_SYS_DisableIRQGlobal
 .text.LPUART_DRV_CompleteSendDataUsingInt
                0x00001ba4       0x6c ./SDK/platform/drivers/src/lpuart/lpuart_driver.o
 .text.LPUART_DRV_StopTxDma
                0x00001c10       0x74 ./SDK/platform/drivers/src/lpuart/lpuart_driver.o
 .text.LPUART_DRV_PutData
                0x00001c84       0x44 ./SDK/platform/drivers/src/lpuart/lpuart_driver.o
 .text.LPUART_DRV_CompleteReceiveDataUsingInt
                0x00001cc8       0x6c ./SDK/platform/drivers/src/lpuart/lpuart_driver.o
 .text.LPUART_DRV_StopRxDma
                0x00001d34       0x74 ./SDK/platform/drivers/src/lpuart/lpuart_driver.o
 .text.LPUART_DRV_GetData
                0x00001da8       0x5c ./SDK/platform/drivers/src/lpuart/lpuart_driver.o
 .text.LPUART_DRV_SendDataPolling
                0x00001e04       0x9c ./SDK/platform/drivers/src/lpuart/lpuart_driver.o
                0x00001e04                LPUART_DRV_SendDataPolling
 .text.LPUART_DRV_SetBaudRate
                0x00001ea0       0xf0 ./SDK/platform/drivers/src/lpuart/lpuart_driver.o
                0x00001ea0                LPUART_DRV_SetBaudRate
 .text.LPUART_DRV_Init
                0x00001f90       0xe0 ./SDK/platform/drivers/src/lpuart/lpuart_driver.o
                0x00001f90                LPUART_DRV_Init
 .text.LPUART_DRV_IRQHandler
                0x00002070      0x284 ./SDK/platform/drivers/src/lpuart/lpuart_driver.o
                0x00002070                LPUART_DRV_IRQHandler
 .text.LPUART_Init
                0x000022f4       0x24 ./SDK/platform/drivers/src/lpuart/lpuart_hw_access.o
                0x000022f4                LPUART_Init
 .text.LPUART_SetBitCountPerChar
                0x00002318       0x2e ./SDK/platform/drivers/src/lpuart/lpuart_hw_access.o
                0x00002318                LPUART_SetBitCountPerChar
 .text.LPUART_SetParityMode
                0x00002346       0x1e ./SDK/platform/drivers/src/lpuart/lpuart_hw_access.o
                0x00002346                LPUART_SetParityMode
 .text.LPUART_Putchar9
                0x00002364       0x16 ./SDK/platform/drivers/src/lpuart/lpuart_hw_access.o
                0x00002364                LPUART_Putchar9
 .text.LPUART_Putchar10
                0x0000237a       0x22 ./SDK/platform/drivers/src/lpuart/lpuart_hw_access.o
                0x0000237a                LPUART_Putchar10
 .text.LPUART_Getchar9
                0x0000239c       0x12 ./SDK/platform/drivers/src/lpuart/lpuart_hw_access.o
                0x0000239c                LPUART_Getchar9
 .text.LPUART_Getchar10
                0x000023ae       0x1e ./SDK/platform/drivers/src/lpuart/lpuart_hw_access.o
                0x000023ae                LPUART_Getchar10
 .text.LPUART_SetIntMode
                0x000023cc       0x6e ./SDK/platform/drivers/src/lpuart/lpuart_hw_access.o
                0x000023cc                LPUART_SetIntMode
 .text.LPUART_GetIntMode
                0x0000243a       0x4a ./SDK/platform/drivers/src/lpuart/lpuart_hw_access.o
                0x0000243a                LPUART_GetIntMode
 .text.LPUART_GetStatusFlag
                0x00002484       0x4a ./SDK/platform/drivers/src/lpuart/lpuart_hw_access.o
                0x00002484                LPUART_GetStatusFlag
 *fill*         0x000024ce        0x2 
 .text.LPUART_SetErrorInterrupts
                0x000024d0       0x40 ./SDK/platform/drivers/src/lpuart/lpuart_hw_access.o
                0x000024d0                LPUART_SetErrorInterrupts
 .text.LPUART0_IrqHandler
                0x00002510        0xa ./SDK/platform/drivers/src/lpuart/lpuart_irq.o
                0x00002510                LPUART0_IrqHandler
 .text.LPUART1_IrqHandler
                0x0000251a        0xa ./SDK/platform/drivers/src/lpuart/lpuart_irq.o
                0x0000251a                LPUART1_IrqHandler
 .text.LPUART2_IrqHandler
                0x00002524        0xa ./SDK/platform/drivers/src/lpuart/lpuart_irq.o
                0x00002524                LPUART2_IrqHandler
 .text.PINS_DRV_Init
                0x0000252e       0x20 ./SDK/platform/drivers/src/pins/pins_driver.o
                0x0000252e                PINS_DRV_Init
 *fill*         0x0000254e        0x2 
 .text.PINS_GetAdcInterleaveVal
                0x00002550       0x6c ./SDK/platform/drivers/src/pins/pins_port_hw_access.o
 .text.PINS_Init
                0x000025bc      0x114 ./SDK/platform/drivers/src/pins/pins_port_hw_access.o
                0x000025bc                PINS_Init
 .text.SysTick_Handler
                0x000026d0       0x10 ./SDK/rtos/osif/osif_baremetal.o
                0x000026d0                SysTick_Handler
 .text.OSIF_TimeDelay
                0x000026e0       0x60 ./SDK/rtos/osif/osif_baremetal.o
                0x000026e0                OSIF_TimeDelay
 .text.OSIF_SemaPost
                0x00002740       0x26 ./SDK/rtos/osif/osif_baremetal.o
                0x00002740                OSIF_SemaPost
 .text.OSIF_SemaCreate
                0x00002766       0x14 ./SDK/rtos/osif/osif_baremetal.o
                0x00002766                OSIF_SemaCreate
 *fill*         0x0000277a        0x2 
 .text.int_convertor
                0x0000277c       0x3c ./src/main.o
                0x0000277c                int_convertor
 .text.main     0x000027b8       0x78 ./src/main.o
                0x000027b8                main
 *(.rodata)
 *(.rodata*)
 .rodata.clockNameMappings
                0x00002830       0x9e ./SDK/platform/drivers/src/clock/S32K1xx/clock_S32K1xx.o
                0x00002830                clockNameMappings
 *fill*         0x000028ce        0x2 
 .rodata.maxSysClksInHSRUN.6384
                0x000028d0       0x54 ./SDK/platform/drivers/src/clock/S32K1xx/clock_S32K1xx.o
 .rodata.maxSysClksInRUN.6383
                0x00002924       0x54 ./SDK/platform/drivers/src/clock/S32K1xx/clock_S32K1xx.o
 .rodata.maxSysClksInVLPR.6382
                0x00002978       0x54 ./SDK/platform/drivers/src/clock/S32K1xx/clock_S32K1xx.o
 .rodata.peripheralFeaturesList
                0x000029cc       0x4f ./SDK/platform/drivers/src/clock/S32K1xx/clock_S32K1xx.o
                0x000029cc                peripheralFeaturesList
 *fill*         0x00002a1b        0x1 
 .rodata.s_lpuartBase
                0x00002a1c        0xc ./SDK/platform/drivers/src/lpuart/lpuart_driver.o
 .rodata.s_lpuartClkNames
                0x00002a28        0x3 ./SDK/platform/drivers/src/lpuart/lpuart_driver.o
 *fill*         0x00002a2b        0x1 
 .rodata.s_lpuartRxTxIrqId
                0x00002a2c        0x3 ./SDK/platform/drivers/src/lpuart/lpuart_driver.o
 *fill*         0x00002a2f        0x1 
 .rodata.terminal_screen_InitConfig
                0x00002a30        0xc ./board/peripherals_terminal_screen.o
                0x00002a30                terminal_screen_InitConfig
 .rodata.main.str1.4
                0x00002a3c       0x40 ./src/main.o
 *(.init)
 .init          0x00002a7c        0x4 d:/nxp/s32ds.3.4/s32ds/build_tools/gcc_v6.3/gcc-6.3-arm32-eabi/bin/../lib/gcc/arm-none-eabi/6.3.1/thumb/v7e-m/crti.o
                0x00002a7c                _init
 *(.fini)
 .fini          0x00002a80        0x4 d:/nxp/s32ds.3.4/s32ds/build_tools/gcc_v6.3/gcc-6.3-arm32-eabi/bin/../lib/gcc/arm-none-eabi/6.3.1/thumb/v7e-m/crti.o
                0x00002a80                _fini
 *(.eh_frame)
                0x00002a84                . = ALIGN (0x4)

.glue_7         0x00002a84        0x0
 .glue_7        0x00002a84        0x0 linker stubs

.glue_7t        0x00002a84        0x0
 .glue_7t       0x00002a84        0x0 linker stubs

.vfp11_veneer   0x00002a84        0x0
 .vfp11_veneer  0x00002a84        0x0 linker stubs

.v4_bx          0x00002a84        0x0
 .v4_bx         0x00002a84        0x0 linker stubs

.iplt           0x00002a84        0x0
 .iplt          0x00002a84        0x0 d:/nxp/s32ds.3.4/s32ds/build_tools/gcc_v6.3/gcc-6.3-arm32-eabi/bin/../lib/gcc/arm-none-eabi/6.3.1/thumb/v7e-m/crtbegin.o

.rel.dyn        0x00002a84        0x0
 .rel.iplt      0x00002a84        0x0 d:/nxp/s32ds.3.4/s32ds/build_tools/gcc_v6.3/gcc-6.3-arm32-eabi/bin/../lib/gcc/arm-none-eabi/6.3.1/thumb/v7e-m/crtbegin.o

.ARM            0x00002a84        0x0
                0x00002a84                __exidx_start = .
 *(.ARM.exidx*)
                0x00002a84                __exidx_end = .
                0x00002a84                __etext = .
                0x00002a84                __DATA_ROM = .

.interrupts_ram
                0x1fff8000      0x400
                0x1fff8000                . = ALIGN (0x4)
                0x1fff8000                __VECTOR_RAM__ = .
                0x1fff8000                __RAM_START = .
                0x1fff8000                __interrupts_ram_start__ = .
 *(.m_interrupts_ram)
                0x1fff8400                . = (. + M_VECTOR_RAM_SIZE)
 *fill*         0x1fff8000      0x400 
                0x1fff8400                . = ALIGN (0x4)
                0x1fff8400                __interrupts_ram_end__ = .
                0x1fff8000                __VECTOR_RAM = DEFINED (__flash_vector_table__)?ORIGIN (m_interrupts):__VECTOR_RAM__
                0x00000400                __RAM_VECTOR_TABLE_SIZE = DEFINED (__flash_vector_table__)?0x0:(__interrupts_ram_end__ - __interrupts_ram_start__)

.data           0x1fff8400      0x20c load address 0x00002a84
                0x1fff8400                . = ALIGN (0x4)
                0x1fff8400                __DATA_RAM = .
                0x1fff8400                __data_start__ = .
 *(.data)
 *(.data*)
 .data.peripheralClockConfig.6111
                0x1fff8400       0xa0 ./SDK/platform/drivers/src/clock/S32K1xx/clock_S32K1xx.o
 .data.g_lpuartIsr
                0x1fff84a0        0xc ./SDK/platform/drivers/src/lpuart/lpuart_irq.o
                0x1fff84a0                g_lpuartIsr
 .data.first_init.5602
                0x1fff84ac        0x1 ./SDK/rtos/osif/osif_baremetal.o
 *fill*         0x1fff84ad        0x3 
 .data.clockMan1_InitConfig0
                0x1fff84b0       0x88 ./board/clock_config.o
                0x1fff84b0                clockMan1_InitConfig0
 .data.peripheralClockConfig0
                0x1fff8538       0xa0 ./board/clock_config.o
                0x1fff8538                peripheralClockConfig0
 .data.g_pin_mux_InitConfigArr0
                0x1fff85d8       0x30 ./board/pin_mux.o
                0x1fff85d8                g_pin_mux_InitConfigArr0
 .data.integer  0x1fff8608        0x4 ./src/main.o
                0x1fff8608                integer
                0x1fff860c                . = ALIGN (0x4)
                0x1fff860c                __data_end__ = .
                0x00002c90                __DATA_END = (__DATA_ROM + (__data_end__ - __data_start__))
                0x00002c90                __CODE_ROM = __DATA_END

.igot.plt       0x1fff860c        0x0 load address 0x00002c90
 .igot.plt      0x1fff860c        0x0 d:/nxp/s32ds.3.4/s32ds/build_tools/gcc_v6.3/gcc-6.3-arm32-eabi/bin/../lib/gcc/arm-none-eabi/6.3.1/thumb/v7e-m/crtbegin.o

.code           0x1fff860c        0x0 load address 0x00002c90
                0x1fff860c                . = ALIGN (0x4)
                0x1fff860c                __CODE_RAM = .
                0x1fff860c                __code_start__ = .
                0x1fff860c                __code_ram_start__ = .
 *(.code_ram)
                0x1fff860c                . = ALIGN (0x4)
                0x1fff860c                __code_end__ = .
                0x1fff860c                __code_ram_end__ = .
                0x00002c90                __CODE_END = (__CODE_ROM + (__code_end__ - __code_start__))
                0x00002c90                __CUSTOM_ROM = __CODE_END

.customSectionBlock
                0x20000000        0x0 load address 0x00002c90
                0x20000000                __customSection_start__ = .
 *(.customSection)
                0x20000000                __customSection_end__ = .
                0x00002c90                __CUSTOM_END = (__CUSTOM_ROM + (__customSection_end__ - __customSection_start__))
                0x00002c90                __rom_end = __CUSTOM_END

.bss            0x20000000       0x74
                0x20000000                . = ALIGN (0x4)
                0x20000000                __BSS_START = .
                0x20000000                __bss_start__ = .
 *(.bss)
 *(.bss*)
 .bss.g_RtcClkInFreq
                0x20000000        0x4 ./SDK/platform/drivers/src/clock/S32K1xx/clock_S32K1xx.o
                0x20000000                g_RtcClkInFreq
 .bss.g_TClkFreq
                0x20000004        0xc ./SDK/platform/drivers/src/clock/S32K1xx/clock_S32K1xx.o
                0x20000004                g_TClkFreq
 .bss.g_xtal0ClkFreq
                0x20000010        0x4 ./SDK/platform/drivers/src/clock/S32K1xx/clock_S32K1xx.o
                0x20000010                g_xtal0ClkFreq
 .bss.s_virtEdmaState
                0x20000014        0x4 ./SDK/platform/drivers/src/edma/edma_driver.o
 .bss.g_interruptDisableCount
                0x20000018        0x4 ./SDK/platform/drivers/src/interrupt/interrupt_manager.o
 .bss.s_lpuartStatePtr
                0x2000001c        0xc ./SDK/platform/drivers/src/lpuart/lpuart_driver.o
 .bss.s_osif_tick_cnt
                0x20000028        0x4 ./SDK/rtos/osif/osif_baremetal.o
 .bss.terminal_screen_state
                0x2000002c       0x34 ./board/peripherals_terminal_screen.o
                0x2000002c                terminal_screen_state
 .bss.txBuff    0x20000060       0x14 ./src/main.o
                0x20000060                txBuff
 *(COMMON)
                0x20000074                . = ALIGN (0x4)
                0x20000074                __bss_end__ = .
                0x20000074                __BSS_END = .

.heap           0x20000074      0x404
                0x20000078                . = ALIGN (0x8)
 *fill*         0x20000074        0x4 
                0x20000078                __end__ = .
                0x20000078                __heap_start__ = .
                [!provide]                PROVIDE (end, .)
                [!provide]                PROVIDE (_end, .)
                [!provide]                PROVIDE (__end, .)
                0x20000078                __HeapBase = .
                0x20000478                . = (. + HEAP_SIZE)
 *fill*         0x20000078      0x400 
                0x20000478                __HeapLimit = .
                0x20000478                __heap_limit = .
                0x20000478                __heap_end__ = .
                0x20007000                __StackTop = (ORIGIN (m_data_2) + LENGTH (m_data_2))
                0x20006c00                __StackLimit = (__StackTop - STACK_SIZE)
                0x20007000                PROVIDE (__stack, __StackTop)
                0x20007000                __RAM_END = __StackTop

.stack          0x20006c00      0x400
                0x20006c00                . = ALIGN (0x8)
                0x20006c00                __stack_start__ = .
                0x20007000                . = (. + STACK_SIZE)
 *fill*         0x20006c00      0x400 
                0x20007000                __stack_end__ = .

.ARM.attributes
                0x00000000       0x2a
 *(.ARM.attributes)
 .ARM.attributes
                0x00000000       0x1e d:/nxp/s32ds.3.4/s32ds/build_tools/gcc_v6.3/gcc-6.3-arm32-eabi/bin/../lib/gcc/arm-none-eabi/6.3.1/thumb/v7e-m/crti.o
 .ARM.attributes
                0x0000001e       0x1b ./Project_Settings/Startup_Code/startup_S32K144.o
 .ARM.attributes
                0x00000039       0x33 ./SDK/platform/devices/S32K144/startup/system_S32K144.o
 .ARM.attributes
                0x0000006c       0x33 ./SDK/platform/devices/startup.o
 .ARM.attributes
                0x0000009f       0x33 ./SDK/platform/drivers/src/clock/S32K1xx/clock_S32K1xx.o
 .ARM.attributes
                0x000000d2       0x33 ./SDK/platform/drivers/src/edma/edma_driver.o
 .ARM.attributes
                0x00000105       0x33 ./SDK/platform/drivers/src/edma/edma_hw_access.o
 .ARM.attributes
                0x00000138       0x33 ./SDK/platform/drivers/src/edma/edma_irq.o
 .ARM.attributes
                0x0000016b       0x33 ./SDK/platform/drivers/src/interrupt/interrupt_manager.o
 .ARM.attributes
                0x0000019e       0x33 ./SDK/platform/drivers/src/lpuart/lpuart_driver.o
 .ARM.attributes
                0x000001d1       0x33 ./SDK/platform/drivers/src/lpuart/lpuart_hw_access.o
 .ARM.attributes
                0x00000204       0x33 ./SDK/platform/drivers/src/lpuart/lpuart_irq.o
 .ARM.attributes
                0x00000237       0x33 ./SDK/platform/drivers/src/pins/pins_driver.o
 .ARM.attributes
                0x0000026a       0x33 ./SDK/platform/drivers/src/pins/pins_port_hw_access.o
 .ARM.attributes
                0x0000029d       0x33 ./SDK/rtos/osif/osif_baremetal.o
 .ARM.attributes
                0x000002d0       0x33 ./board/clock_config.o
 .ARM.attributes
                0x00000303       0x33 ./board/peripherals_terminal_screen.o
 .ARM.attributes
                0x00000336       0x33 ./board/pin_mux.o
 .ARM.attributes
                0x00000369       0x33 ./src/main.o
                0x00000001                ASSERT ((__rom_end <= (ORIGIN (m_text) + LENGTH (m_text))), Region m_text overflowed!)
                0x00000001                ASSERT ((__StackLimit >= __HeapLimit), region m_data_2 overflowed with stack and heap)
OUTPUT(UART_TX_RX_Pre_Defined_Variable.elf elf32-littlearm)

.debug_line     0x00000000     0x729b
 .debug_line    0x00000000       0xcc ./Project_Settings/Startup_Code/startup_S32K144.o
 .debug_line    0x000000cc      0x428 ./SDK/platform/devices/S32K144/startup/system_S32K144.o
 .debug_line    0x000004f4      0x3b1 ./SDK/platform/devices/startup.o
 .debug_line    0x000008a5     0x1367 ./SDK/platform/drivers/src/clock/S32K1xx/clock_S32K1xx.o
 .debug_line    0x00001c0c      0xa50 ./SDK/platform/drivers/src/edma/edma_driver.o
 .debug_line    0x0000265c      0x5ce ./SDK/platform/drivers/src/edma/edma_hw_access.o
 .debug_line    0x00002c2a      0x57f ./SDK/platform/drivers/src/edma/edma_irq.o
 .debug_line    0x000031a9      0x54d ./SDK/platform/drivers/src/interrupt/interrupt_manager.o
 .debug_line    0x000036f6      0xbc5 ./SDK/platform/drivers/src/lpuart/lpuart_driver.o
 .debug_line    0x000042bb      0x65a ./SDK/platform/drivers/src/lpuart/lpuart_hw_access.o
 .debug_line    0x00004915      0x45a ./SDK/platform/drivers/src/lpuart/lpuart_irq.o
 .debug_line    0x00004d6f      0x6be ./SDK/platform/drivers/src/pins/pins_driver.o
 .debug_line    0x0000542d      0x556 ./SDK/platform/drivers/src/pins/pins_port_hw_access.o
 .debug_line    0x00005983      0x5f7 ./SDK/rtos/osif/osif_baremetal.o
 .debug_line    0x00005f7a      0x451 ./board/clock_config.o
 .debug_line    0x000063cb      0x498 ./board/peripherals_terminal_screen.o
 .debug_line    0x00006863      0x3ea ./board/pin_mux.o
 .debug_line    0x00006c4d      0x64e ./src/main.o

.debug_info     0x00000000    0x15749
 .debug_info    0x00000000       0x26 ./Project_Settings/Startup_Code/startup_S32K144.o
 .debug_info    0x00000026      0x521 ./SDK/platform/devices/S32K144/startup/system_S32K144.o
 .debug_info    0x00000547      0x2ad ./SDK/platform/devices/startup.o
 .debug_info    0x000007f4     0x5dd2 ./SDK/platform/drivers/src/clock/S32K1xx/clock_S32K1xx.o
 .debug_info    0x000065c6     0x3770 ./SDK/platform/drivers/src/edma/edma_driver.o
 .debug_info    0x00009d36      0x95d ./SDK/platform/drivers/src/edma/edma_hw_access.o
 .debug_info    0x0000a693      0x6da ./SDK/platform/drivers/src/edma/edma_irq.o
 .debug_info    0x0000ad6d      0x997 ./SDK/platform/drivers/src/interrupt/interrupt_manager.o
 .debug_info    0x0000b704     0x3000 ./SDK/platform/drivers/src/lpuart/lpuart_driver.o
 .debug_info    0x0000e704      0x96c ./SDK/platform/drivers/src/lpuart/lpuart_hw_access.o
 .debug_info    0x0000f070      0x127 ./SDK/platform/drivers/src/lpuart/lpuart_irq.o
 .debug_info    0x0000f197     0x1405 ./SDK/platform/drivers/src/pins/pins_driver.o
 .debug_info    0x0001059c      0x8d8 ./SDK/platform/drivers/src/pins/pins_port_hw_access.o
 .debug_info    0x00010e74      0xac5 ./SDK/rtos/osif/osif_baremetal.o
 .debug_info    0x00011939     0x12b9 ./board/clock_config.o
 .debug_info    0x00012bf2      0x5cd ./board/peripherals_terminal_screen.o
 .debug_info    0x000131bf      0x439 ./board/pin_mux.o
 .debug_info    0x000135f8     0x2151 ./src/main.o

.debug_abbrev   0x00000000     0x22d1
 .debug_abbrev  0x00000000       0x14 ./Project_Settings/Startup_Code/startup_S32K144.o
 .debug_abbrev  0x00000014      0x141 ./SDK/platform/devices/S32K144/startup/system_S32K144.o
 .debug_abbrev  0x00000155       0xe1 ./SDK/platform/devices/startup.o
 .debug_abbrev  0x00000236      0x3e4 ./SDK/platform/drivers/src/clock/S32K1xx/clock_S32K1xx.o
 .debug_abbrev  0x0000061a      0x423 ./SDK/platform/drivers/src/edma/edma_driver.o
 .debug_abbrev  0x00000a3d      0x206 ./SDK/platform/drivers/src/edma/edma_hw_access.o
 .debug_abbrev  0x00000c43      0x1b9 ./SDK/platform/drivers/src/edma/edma_irq.o
 .debug_abbrev  0x00000dfc      0x1f5 ./SDK/platform/drivers/src/interrupt/interrupt_manager.o
 .debug_abbrev  0x00000ff1      0x3a3 ./SDK/platform/drivers/src/lpuart/lpuart_driver.o
 .debug_abbrev  0x00001394      0x1d1 ./SDK/platform/drivers/src/lpuart/lpuart_hw_access.o
 .debug_abbrev  0x00001565       0xba ./SDK/platform/drivers/src/lpuart/lpuart_irq.o
 .debug_abbrev  0x0000161f      0x2dc ./SDK/platform/drivers/src/pins/pins_driver.o
 .debug_abbrev  0x000018fb      0x1f6 ./SDK/platform/drivers/src/pins/pins_port_hw_access.o
 .debug_abbrev  0x00001af1      0x2c7 ./SDK/rtos/osif/osif_baremetal.o
 .debug_abbrev  0x00001db8      0x125 ./board/clock_config.o
 .debug_abbrev  0x00001edd       0xbf ./board/peripherals_terminal_screen.o
 .debug_abbrev  0x00001f9c       0xcd ./board/pin_mux.o
 .debug_abbrev  0x00002069      0x268 ./src/main.o

.debug_aranges  0x00000000      0x828
 .debug_aranges
                0x00000000       0x20 ./Project_Settings/Startup_Code/startup_S32K144.o
 .debug_aranges
                0x00000020       0x30 ./SDK/platform/devices/S32K144/startup/system_S32K144.o
 .debug_aranges
                0x00000050       0x20 ./SDK/platform/devices/startup.o
 .debug_aranges
                0x00000070      0x128 ./SDK/platform/drivers/src/clock/S32K1xx/clock_S32K1xx.o
 .debug_aranges
                0x00000198      0x138 ./SDK/platform/drivers/src/edma/edma_driver.o
 .debug_aranges
                0x000002d0       0x88 ./SDK/platform/drivers/src/edma/edma_hw_access.o
 .debug_aranges
                0x00000358       0xa0 ./SDK/platform/drivers/src/edma/edma_irq.o
 .debug_aranges
                0x000003f8       0x70 ./SDK/platform/drivers/src/interrupt/interrupt_manager.o
 .debug_aranges
                0x00000468      0x118 ./SDK/platform/drivers/src/lpuart/lpuart_driver.o
 .debug_aranges
                0x00000580       0x78 ./SDK/platform/drivers/src/lpuart/lpuart_hw_access.o
 .debug_aranges
                0x000005f8       0x30 ./SDK/platform/drivers/src/lpuart/lpuart_irq.o
 .debug_aranges
                0x00000628       0xe0 ./SDK/platform/drivers/src/pins/pins_driver.o
 .debug_aranges
                0x00000708       0x40 ./SDK/platform/drivers/src/pins/pins_port_hw_access.o
 .debug_aranges
                0x00000748       0x70 ./SDK/rtos/osif/osif_baremetal.o
 .debug_aranges
                0x000007b8       0x18 ./board/clock_config.o
 .debug_aranges
                0x000007d0       0x18 ./board/peripherals_terminal_screen.o
 .debug_aranges
                0x000007e8       0x18 ./board/pin_mux.o
 .debug_aranges
                0x00000800       0x28 ./src/main.o

.debug_str      0x00000000    0x74eb8
 .debug_str     0x00000000       0xca ./Project_Settings/Startup_Code/startup_S32K144.o
 .debug_str     0x000000ca    0x69391 ./SDK/platform/devices/S32K144/startup/system_S32K144.o
                              0x6951c (size before relaxing)
 .debug_str     0x0006945b      0x399 ./SDK/platform/devices/startup.o
                              0x6968e (size before relaxing)
 .debug_str     0x000697f4     0x4180 ./SDK/platform/drivers/src/clock/S32K1xx/clock_S32K1xx.o
                              0x6d821 (size before relaxing)
 .debug_str     0x0006d974     0x1ef2 ./SDK/platform/drivers/src/edma/edma_driver.o
                              0x6bfef (size before relaxing)
 .debug_str     0x0006f866       0x78 ./SDK/platform/drivers/src/edma/edma_hw_access.o
                              0x69be3 (size before relaxing)
 .debug_str     0x0006f8de      0x194 ./SDK/platform/drivers/src/edma/edma_irq.o
                              0x698f8 (size before relaxing)
 .debug_str     0x0006fa72      0x1b2 ./SDK/platform/drivers/src/interrupt/interrupt_manager.o
                              0x69df9 (size before relaxing)
 .debug_str     0x0006fc24      0xf2b ./SDK/platform/drivers/src/lpuart/lpuart_driver.o
                              0x6bc11 (size before relaxing)
 .debug_str     0x00070b4f       0xf6 ./SDK/platform/drivers/src/lpuart/lpuart_hw_access.o
                              0x6a592 (size before relaxing)
 .debug_str     0x00070c45       0x9b ./SDK/platform/drivers/src/lpuart/lpuart_irq.o
                              0x69307 (size before relaxing)
 .debug_str     0x00070ce0      0xaa2 ./SDK/platform/drivers/src/pins/pins_driver.o
                              0x6a8a6 (size before relaxing)
 .debug_str     0x00071782      0x1cf ./SDK/platform/drivers/src/pins/pins_port_hw_access.o
                              0x69d8e (size before relaxing)
 .debug_str     0x00071951      0x1e9 ./SDK/rtos/osif/osif_baremetal.o
                              0x6a64f (size before relaxing)
 .debug_str     0x00071b3a       0xda ./board/clock_config.o
                              0x6b5d4 (size before relaxing)
 .debug_str     0x00071c14       0x82 ./board/peripherals_terminal_screen.o
                              0x6a24b (size before relaxing)
 .debug_str     0x00071c96       0x53 ./board/pin_mux.o
                              0x69a67 (size before relaxing)
 .debug_str     0x00071ce9     0x31cf ./src/main.o
                              0x6ef85 (size before relaxing)

.debug_loc      0x00000000     0xbb49
 .debug_loc     0x00000000      0x10a ./SDK/platform/devices/S32K144/startup/system_S32K144.o
 .debug_loc     0x0000010a       0xec ./SDK/platform/devices/startup.o
 .debug_loc     0x000001f6     0x519d ./SDK/platform/drivers/src/clock/S32K1xx/clock_S32K1xx.o
 .debug_loc     0x00005393     0x28d9 ./SDK/platform/drivers/src/edma/edma_driver.o
 .debug_loc     0x00007c6c      0x6fa ./SDK/platform/drivers/src/edma/edma_hw_access.o
 .debug_loc     0x00008366       0x50 ./SDK/platform/drivers/src/edma/edma_irq.o
 .debug_loc     0x000083b6      0x252 ./SDK/platform/drivers/src/interrupt/interrupt_manager.o
 .debug_loc     0x00008608     0x1e40 ./SDK/platform/drivers/src/lpuart/lpuart_driver.o
 .debug_loc     0x0000a448      0x738 ./SDK/platform/drivers/src/lpuart/lpuart_hw_access.o
 .debug_loc     0x0000ab80      0x77f ./SDK/platform/drivers/src/pins/pins_driver.o
 .debug_loc     0x0000b2ff      0x56a ./SDK/platform/drivers/src/pins/pins_port_hw_access.o
 .debug_loc     0x0000b869      0x275 ./SDK/rtos/osif/osif_baremetal.o
 .debug_loc     0x0000bade       0x6b ./src/main.o

.debug_ranges   0x00000000      0xb60
 .debug_ranges  0x00000000       0x20 ./SDK/platform/devices/S32K144/startup/system_S32K144.o
 .debug_ranges  0x00000020       0x10 ./SDK/platform/devices/startup.o
 .debug_ranges  0x00000030      0x488 ./SDK/platform/drivers/src/clock/S32K1xx/clock_S32K1xx.o
 .debug_ranges  0x000004b8      0x158 ./SDK/platform/drivers/src/edma/edma_driver.o
 .debug_ranges  0x00000610       0x90 ./SDK/platform/drivers/src/edma/edma_hw_access.o
 .debug_ranges  0x000006a0       0x90 ./SDK/platform/drivers/src/edma/edma_irq.o
 .debug_ranges  0x00000730       0x98 ./SDK/platform/drivers/src/interrupt/interrupt_manager.o
 .debug_ranges  0x000007c8      0x168 ./SDK/platform/drivers/src/lpuart/lpuart_driver.o
 .debug_ranges  0x00000930       0x68 ./SDK/platform/drivers/src/lpuart/lpuart_hw_access.o
 .debug_ranges  0x00000998       0x20 ./SDK/platform/drivers/src/lpuart/lpuart_irq.o
 .debug_ranges  0x000009b8       0xd0 ./SDK/platform/drivers/src/pins/pins_driver.o
 .debug_ranges  0x00000a88       0x30 ./SDK/platform/drivers/src/pins/pins_port_hw_access.o
 .debug_ranges  0x00000ab8       0x90 ./SDK/rtos/osif/osif_baremetal.o
 .debug_ranges  0x00000b48       0x18 ./src/main.o

.debug_macro    0x00000000    0x212b4
 .debug_macro   0x00000000       0xb6 ./SDK/platform/devices/S32K144/startup/system_S32K144.o
 .debug_macro   0x000000b6      0x8ce ./SDK/platform/devices/S32K144/startup/system_S32K144.o
 .debug_macro   0x00000984       0x10 ./SDK/platform/devices/S32K144/startup/system_S32K144.o
 .debug_macro   0x00000994       0x73 ./SDK/platform/devices/S32K144/startup/system_S32K144.o
 .debug_macro   0x00000a07       0x19 ./SDK/platform/devices/S32K144/startup/system_S32K144.o
 .debug_macro   0x00000a20       0x22 ./SDK/platform/devices/S32K144/startup/system_S32K144.o
 .debug_macro   0x00000a42       0x4f ./SDK/platform/devices/S32K144/startup/system_S32K144.o
 .debug_macro   0x00000a91       0x51 ./SDK/platform/devices/S32K144/startup/system_S32K144.o
 .debug_macro   0x00000ae2       0xef ./SDK/platform/devices/S32K144/startup/system_S32K144.o
 .debug_macro   0x00000bd1       0x6a ./SDK/platform/devices/S32K144/startup/system_S32K144.o
 .debug_macro   0x00000c3b      0x1df ./SDK/platform/devices/S32K144/startup/system_S32K144.o
 .debug_macro   0x00000e1a     0xee9e ./SDK/platform/devices/S32K144/startup/system_S32K144.o
 .debug_macro   0x0000fcb8      0xbbd ./SDK/platform/devices/S32K144/startup/system_S32K144.o
 .debug_macro   0x00010875       0x22 ./SDK/platform/devices/S32K144/startup/system_S32K144.o
 .debug_macro   0x00010897       0x28 ./SDK/platform/devices/S32K144/startup/system_S32K144.o
 .debug_macro   0x000108bf       0xb6 ./SDK/platform/devices/startup.o
 .debug_macro   0x00010975     0xeeb3 ./SDK/platform/devices/startup.o
 .debug_macro   0x0001f828       0x40 ./SDK/platform/devices/startup.o
 .debug_macro   0x0001f868      0x2b0 ./SDK/platform/drivers/src/clock/S32K1xx/clock_S32K1xx.o
 .debug_macro   0x0001fb18      0x16d ./SDK/platform/drivers/src/clock/S32K1xx/clock_S32K1xx.o
 .debug_macro   0x0001fc85       0x16 ./SDK/platform/drivers/src/clock/S32K1xx/clock_S32K1xx.o
 .debug_macro   0x0001fc9b       0x8a ./SDK/platform/drivers/src/clock/S32K1xx/clock_S32K1xx.o
 .debug_macro   0x0001fd25       0xf7 ./SDK/platform/drivers/src/edma/edma_driver.o
 .debug_macro   0x0001fe1c       0x10 ./SDK/platform/drivers/src/edma/edma_driver.o
 .debug_macro   0x0001fe2c       0x16 ./SDK/platform/drivers/src/edma/edma_driver.o
 .debug_macro   0x0001fe42       0xcc ./SDK/platform/drivers/src/edma/edma_hw_access.o
 .debug_macro   0x0001ff0e       0xd0 ./SDK/platform/drivers/src/edma/edma_irq.o
 .debug_macro   0x0001ffde       0xca ./SDK/platform/drivers/src/interrupt/interrupt_manager.o
 .debug_macro   0x000200a8      0x131 ./SDK/platform/drivers/src/lpuart/lpuart_driver.o
 .debug_macro   0x000201d9       0x10 ./SDK/platform/drivers/src/lpuart/lpuart_driver.o
 .debug_macro   0x000201e9       0x34 ./SDK/platform/drivers/src/lpuart/lpuart_driver.o
 .debug_macro   0x0002021d      0x109 ./SDK/platform/drivers/src/lpuart/lpuart_hw_access.o
 .debug_macro   0x00020326       0xc1 ./SDK/platform/drivers/src/lpuart/lpuart_irq.o
 .debug_macro   0x000203e7       0xde ./SDK/platform/drivers/src/pins/pins_driver.o
 .debug_macro   0x000204c5       0xde ./SDK/platform/drivers/src/pins/pins_port_hw_access.o
 .debug_macro   0x000205a3       0xfb ./SDK/rtos/osif/osif_baremetal.o
 .debug_macro   0x0002069e       0xd9 ./board/clock_config.o
 .debug_macro   0x00020777       0x16 ./board/clock_config.o
 .debug_macro   0x0002078d      0x10a ./board/peripherals_terminal_screen.o
 .debug_macro   0x00020897       0xda ./board/pin_mux.o
 .debug_macro   0x00020971      0x22d ./src/main.o
 .debug_macro   0x00020b9e       0x52 ./src/main.o
 .debug_macro   0x00020bf0       0x3c ./src/main.o
 .debug_macro   0x00020c2c       0x9c ./src/main.o
 .debug_macro   0x00020cc8       0x52 ./src/main.o
 .debug_macro   0x00020d1a       0x1f ./src/main.o
 .debug_macro   0x00020d39       0x43 ./src/main.o
 .debug_macro   0x00020d7c       0x20 ./src/main.o
 .debug_macro   0x00020d9c      0x1a3 ./src/main.o
 .debug_macro   0x00020f3f      0x330 ./src/main.o
 .debug_macro   0x0002126f       0x10 ./src/main.o
 .debug_macro   0x0002127f       0x35 ./src/main.o

.comment        0x00000000       0xa0
 .comment       0x00000000       0xa0 ./SDK/platform/devices/S32K144/startup/system_S32K144.o
                                 0xa1 (size before relaxing)
 .comment       0x000000a0       0xa1 ./SDK/platform/devices/startup.o
 .comment       0x000000a0       0xa1 ./SDK/platform/drivers/src/clock/S32K1xx/clock_S32K1xx.o
 .comment       0x000000a0       0xa1 ./SDK/platform/drivers/src/edma/edma_driver.o
 .comment       0x000000a0       0xa1 ./SDK/platform/drivers/src/edma/edma_hw_access.o
 .comment       0x000000a0       0xa1 ./SDK/platform/drivers/src/edma/edma_irq.o
 .comment       0x000000a0       0xa1 ./SDK/platform/drivers/src/interrupt/interrupt_manager.o
 .comment       0x000000a0       0xa1 ./SDK/platform/drivers/src/lpuart/lpuart_driver.o
 .comment       0x000000a0       0xa1 ./SDK/platform/drivers/src/lpuart/lpuart_hw_access.o
 .comment       0x000000a0       0xa1 ./SDK/platform/drivers/src/lpuart/lpuart_irq.o
 .comment       0x000000a0       0xa1 ./SDK/platform/drivers/src/pins/pins_driver.o
 .comment       0x000000a0       0xa1 ./SDK/platform/drivers/src/pins/pins_port_hw_access.o
 .comment       0x000000a0       0xa1 ./SDK/rtos/osif/osif_baremetal.o
 .comment       0x000000a0       0xa1 ./board/clock_config.o
 .comment       0x000000a0       0xa1 ./board/peripherals_terminal_screen.o
 .comment       0x000000a0       0xa1 ./board/pin_mux.o
 .comment       0x000000a0       0xa1 ./src/main.o

.debug_frame    0x00000000     0x13f4
 .debug_frame   0x00000000       0x40 ./SDK/platform/devices/S32K144/startup/system_S32K144.o
 .debug_frame   0x00000040       0x2c ./SDK/platform/devices/startup.o
 .debug_frame   0x0000006c      0x398 ./SDK/platform/drivers/src/clock/S32K1xx/clock_S32K1xx.o
 .debug_frame   0x00000404      0x388 ./SDK/platform/drivers/src/edma/edma_driver.o
 .debug_frame   0x0000078c      0x144 ./SDK/platform/drivers/src/edma/edma_hw_access.o
 .debug_frame   0x000008d0      0x1ac ./SDK/platform/drivers/src/edma/edma_irq.o
 .debug_frame   0x00000a7c       0xd8 ./SDK/platform/drivers/src/interrupt/interrupt_manager.o
 .debug_frame   0x00000b54      0x398 ./SDK/platform/drivers/src/lpuart/lpuart_driver.o
 .debug_frame   0x00000eec       0xf4 ./SDK/platform/drivers/src/lpuart/lpuart_hw_access.o
 .debug_frame   0x00000fe0       0x58 ./SDK/platform/drivers/src/lpuart/lpuart_irq.o
 .debug_frame   0x00001038      0x1e4 ./SDK/platform/drivers/src/pins/pins_driver.o
 .debug_frame   0x0000121c       0x98 ./SDK/platform/drivers/src/pins/pins_port_hw_access.o
 .debug_frame   0x000012b4       0xf8 ./SDK/rtos/osif/osif_baremetal.o
 .debug_frame   0x000013ac       0x48 ./src/main.o
