Archive member included to satisfy reference by file (symbol)

d:/nxp/s32ds.3.4/s32ds/build_tools/gcc_v6.3/gcc-6.3-arm32-eabi/bin/../lib/gcc/arm-none-eabi/6.3.1/thumb/v7e-m\libgcc.a(_arm_addsubdf3.o)
                              ./src/main.o (__aeabi_f2d)
D:/NXP/S32DS.3.4/S32DS/build_tools/gcc_b1620/gcc-6.3-arm32-eabi/arm-none-eabi/newlib/lib/thumb/v7e-m\libc.a(lib_a-exit.o)
                              D:/NXP/S32DS.3.4/S32DS/build_tools/gcc_b1620/gcc-6.3-arm32-eabi/arm-none-eabi/newlib/lib/thumb/v7e-m/crt0.o (exit)
D:/NXP/S32DS.3.4/S32DS/build_tools/gcc_b1620/gcc-6.3-arm32-eabi/arm-none-eabi/newlib/lib/thumb/v7e-m\libc.a(lib_a-impure.o)
                              D:/NXP/S32DS.3.4/S32DS/build_tools/gcc_b1620/gcc-6.3-arm32-eabi/arm-none-eabi/newlib/lib/thumb/v7e-m\libc.a(lib_a-exit.o) (_global_impure_ptr)
D:/NXP/S32DS.3.4/S32DS/build_tools/gcc_b1620/gcc-6.3-arm32-eabi/arm-none-eabi/newlib/lib/thumb/v7e-m\libc.a(lib_a-init.o)
                              D:/NXP/S32DS.3.4/S32DS/build_tools/gcc_b1620/gcc-6.3-arm32-eabi/arm-none-eabi/newlib/lib/thumb/v7e-m/crt0.o (__libc_init_array)
D:/NXP/S32DS.3.4/S32DS/build_tools/gcc_b1620/gcc-6.3-arm32-eabi/arm-none-eabi/newlib/lib/thumb/v7e-m\libc.a(lib_a-memset.o)
                              D:/NXP/S32DS.3.4/S32DS/build_tools/gcc_b1620/gcc-6.3-arm32-eabi/arm-none-eabi/newlib/lib/thumb/v7e-m/crt0.o (memset)
D:/NXP/S32DS.3.4/S32DS/build_tools/gcc_b1620/gcc-6.3-arm32-eabi/arm-none-eabi/newlib/lib/thumb/v7e-m\libc.a(lib_a-sprintf.o)
                              ./src/main.o (sprintf)
D:/NXP/S32DS.3.4/S32DS/build_tools/gcc_b1620/gcc-6.3-arm32-eabi/arm-none-eabi/newlib/lib/thumb/v7e-m\libc.a(lib_a-strcpy.o)
                              ./src/main.o (strcpy)
D:/NXP/S32DS.3.4/S32DS/build_tools/gcc_b1620/gcc-6.3-arm32-eabi/arm-none-eabi/newlib/lib/thumb/v7e-m\libc.a(lib_a-svfprintf.o)
                              D:/NXP/S32DS.3.4/S32DS/build_tools/gcc_b1620/gcc-6.3-arm32-eabi/arm-none-eabi/newlib/lib/thumb/v7e-m\libc.a(lib_a-sprintf.o) (_svfprintf_r)
D:/NXP/S32DS.3.4/S32DS/build_tools/gcc_b1620/gcc-6.3-arm32-eabi/arm-none-eabi/newlib/lib/thumb/v7e-m\libc.a(lib_a-__call_atexit.o)
                              D:/NXP/S32DS.3.4/S32DS/build_tools/gcc_b1620/gcc-6.3-arm32-eabi/arm-none-eabi/newlib/lib/thumb/v7e-m\libc.a(lib_a-exit.o) (__call_exitprocs)
D:/NXP/S32DS.3.4/S32DS/build_tools/gcc_b1620/gcc-6.3-arm32-eabi/arm-none-eabi/newlib/lib/thumb/v7e-m\libc.a(lib_a-dtoa.o)
                              D:/NXP/S32DS.3.4/S32DS/build_tools/gcc_b1620/gcc-6.3-arm32-eabi/arm-none-eabi/newlib/lib/thumb/v7e-m\libc.a(lib_a-svfprintf.o) (_dtoa_r)
D:/NXP/S32DS.3.4/S32DS/build_tools/gcc_b1620/gcc-6.3-arm32-eabi/arm-none-eabi/newlib/lib/thumb/v7e-m\libc.a(lib_a-fini.o)
                              D:/NXP/S32DS.3.4/S32DS/build_tools/gcc_b1620/gcc-6.3-arm32-eabi/arm-none-eabi/newlib/lib/thumb/v7e-m\libc.a(lib_a-__call_atexit.o) (__libc_fini_array)
D:/NXP/S32DS.3.4/S32DS/build_tools/gcc_b1620/gcc-6.3-arm32-eabi/arm-none-eabi/newlib/lib/thumb/v7e-m\libc.a(lib_a-localeconv.o)
                              D:/NXP/S32DS.3.4/S32DS/build_tools/gcc_b1620/gcc-6.3-arm32-eabi/arm-none-eabi/newlib/lib/thumb/v7e-m\libc.a(lib_a-svfprintf.o) (_localeconv_r)
D:/NXP/S32DS.3.4/S32DS/build_tools/gcc_b1620/gcc-6.3-arm32-eabi/arm-none-eabi/newlib/lib/thumb/v7e-m\libc.a(lib_a-locale.o)
                              D:/NXP/S32DS.3.4/S32DS/build_tools/gcc_b1620/gcc-6.3-arm32-eabi/arm-none-eabi/newlib/lib/thumb/v7e-m\libc.a(lib_a-localeconv.o) (__global_locale)
D:/NXP/S32DS.3.4/S32DS/build_tools/gcc_b1620/gcc-6.3-arm32-eabi/arm-none-eabi/newlib/lib/thumb/v7e-m\libc.a(lib_a-mallocr.o)
                              D:/NXP/S32DS.3.4/S32DS/build_tools/gcc_b1620/gcc-6.3-arm32-eabi/arm-none-eabi/newlib/lib/thumb/v7e-m\libc.a(lib_a-svfprintf.o) (_malloc_r)
D:/NXP/S32DS.3.4/S32DS/build_tools/gcc_b1620/gcc-6.3-arm32-eabi/arm-none-eabi/newlib/lib/thumb/v7e-m\libc.a(lib_a-mbtowc_r.o)
                              D:/NXP/S32DS.3.4/S32DS/build_tools/gcc_b1620/gcc-6.3-arm32-eabi/arm-none-eabi/newlib/lib/thumb/v7e-m\libc.a(lib_a-locale.o) (__ascii_mbtowc)
D:/NXP/S32DS.3.4/S32DS/build_tools/gcc_b1620/gcc-6.3-arm32-eabi/arm-none-eabi/newlib/lib/thumb/v7e-m\libc.a(lib_a-memchr.o)
                              D:/NXP/S32DS.3.4/S32DS/build_tools/gcc_b1620/gcc-6.3-arm32-eabi/arm-none-eabi/newlib/lib/thumb/v7e-m\libc.a(lib_a-svfprintf.o) (memchr)
D:/NXP/S32DS.3.4/S32DS/build_tools/gcc_b1620/gcc-6.3-arm32-eabi/arm-none-eabi/newlib/lib/thumb/v7e-m\libc.a(lib_a-memcpy-stub.o)
                              D:/NXP/S32DS.3.4/S32DS/build_tools/gcc_b1620/gcc-6.3-arm32-eabi/arm-none-eabi/newlib/lib/thumb/v7e-m\libc.a(lib_a-dtoa.o) (memcpy)
D:/NXP/S32DS.3.4/S32DS/build_tools/gcc_b1620/gcc-6.3-arm32-eabi/arm-none-eabi/newlib/lib/thumb/v7e-m\libc.a(lib_a-mlock.o)
                              D:/NXP/S32DS.3.4/S32DS/build_tools/gcc_b1620/gcc-6.3-arm32-eabi/arm-none-eabi/newlib/lib/thumb/v7e-m\libc.a(lib_a-mallocr.o) (__malloc_lock)
[...]
Memory Configuration

Name             Origin             Length             Attributes
m_interrupts     0x00000000         0x00000400         xr
m_flash_config   0x00000400         0x00000010         xr
m_text           0x00000410         0x0007fbf0         xr
m_data           0x1fff8000         0x00008000         rw
m_data_2         0x20000000         0x00007000         rw
*default*        0x00000000         0xffffffff

Linker script and memory map

LOAD d:/nxp/s32ds.3.4/s32ds/build_tools/gcc_v6.3/gcc-6.3-arm32-eabi/bin/../lib/gcc/arm-none-eabi/6.3.1/thumb/v7e-m/crti.o
LOAD d:/nxp/s32ds.3.4/s32ds/build_tools/gcc_v6.3/gcc-6.3-arm32-eabi/bin/../lib/gcc/arm-none-eabi/6.3.1/thumb/v7e-m/crtbegin.o
LOAD D:/NXP/S32DS.3.4/S32DS/build_tools/gcc_b1620/gcc-6.3-arm32-eabi/arm-none-eabi/newlib/lib/thumb/v7e-m/crt0.o
LOAD ./Project_Settings/Startup_Code/startup_S32K144.o
LOAD ./SDK/platform/devices/S32K144/startup/system_S32K144.o
LOAD ./SDK/platform/devices/startup.o
LOAD ./SDK/platform/drivers/src/clock/S32K1xx/clock_S32K1xx.o
LOAD ./SDK/platform/drivers/src/edma/edma_driver.o
LOAD ./SDK/platform/drivers/src/edma/edma_hw_access.o
LOAD ./SDK/platform/drivers/src/edma/edma_irq.o
LOAD ./SDK/platform/drivers/src/interrupt/interrupt_manager.o
LOAD ./SDK/platform/drivers/src/lpuart/lpuart_driver.o
LOAD ./SDK/platform/drivers/src/lpuart/lpuart_hw_access.o
LOAD ./SDK/platform/drivers/src/lpuart/lpuart_irq.o
LOAD ./SDK/platform/drivers/src/pins/pins_driver.o
LOAD ./SDK/platform/drivers/src/pins/pins_port_hw_access.o
LOAD ./SDK/rtos/osif/osif_baremetal.o
LOAD ./board/clock_config.o
LOAD ./board/peripherals_terminal_screen.o
LOAD ./board/pin_mux.o
LOAD ./src/main.o
START GROUP
LOAD d:/nxp/s32ds.3.4/s32ds/build_tools/gcc_v6.3/gcc-6.3-arm32-eabi/bin/../lib/gcc/arm-none-eabi/6.3.1/thumb/v7e-m\libgcc.a
LOAD D:/NXP/S32DS.3.4/S32DS/build_tools/gcc_b1620/gcc-6.3-arm32-eabi/arm-none-eabi/newlib/lib/thumb/v7e-m\libc.a
END GROUP
START GROUP
LOAD d:/nxp/s32ds.3.4/s32ds/build_tools/gcc_v6.3/gcc-6.3-arm32-eabi/bin/../lib/gcc/arm-none-eabi/6.3.1/thumb/v7e-m\libgcc.a
LOAD D:/NXP/S32DS.3.4/S32DS/build_tools/gcc_b1620/gcc-6.3-arm32-eabi/arm-none-eabi/newlib/lib/thumb/v7e-m\libc.a
LOAD D:/NXP/S32DS.3.4/S32DS/build_tools/gcc_b1620/gcc-6.3-arm32-eabi/arm-none-eabi/newlib/lib/thumb/v7e-m\libnosys.a
END GROUP
LOAD d:/nxp/s32ds.3.4/s32ds/build_tools/gcc_v6.3/gcc-6.3-arm32-eabi/bin/../lib/gcc/arm-none-eabi/6.3.1/thumb/v7e-m/crtend.o
LOAD d:/nxp/s32ds.3.4/s32ds/build_tools/gcc_v6.3/gcc-6.3-arm32-eabi/bin/../lib/gcc/arm-none-eabi/6.3.1/thumb/v7e-m/crtn.o
                0x00000400                HEAP_SIZE = DEFINED (__heap_size__)?__heap_size__:0x400
                0x00000400                STACK_SIZE = DEFINED (__stack_size__)?__stack_size__:0x400
                0x00000400                M_VECTOR_RAM_SIZE = DEFINED (__flash_vector_table__)?0x0:0x400

.interrupts     0x00000000      0x400
                0x00000000                __VECTOR_TABLE = .
                0x00000000                __interrupts_start__ = .
                0x00000000                . = ALIGN (0x4)
 *(.isr_vector)
 .isr_vector    0x00000000      0x400 ./Project_Settings/Startup_Code/startup_S32K144.o
                0x00000000                __isr_vector
                0x00000400                __interrupts_end__ = .
                0x00000400                . = ALIGN (0x4)

.flash_config   0x00000400       0x10
                0x00000400                . = ALIGN (0x4)
 *(.FlashConfig)
 .FlashConfig   0x00000400       0x10 ./Project_Settings/Startup_Code/startup_S32K144.o
                0x00000410                . = ALIGN (0x4)

.text           0x00000410     0x6350
                0x00000410                . = ALIGN (0x4)
 *(.text)
 .text          0x00000410       0x6c ./Project_Settings/Startup_Code/startup_S32K144.o
                0x00000410                Reset_Handler
                0x00000478                DebugMon_Handler
                0x00000478                Reserved88_IRQHandler
                0x00000478                CAN0_ORed_IRQHandler
                0x00000478                HardFault_Handler
                0x00000478                Reserved86_IRQHandler
                0x00000478                Reserved103_IRQHandler
                0x00000478                FTM2_Ovf_Reload_IRQHandler
                0x00000478                Reserved50_IRQHandler
                0x00000478                FTFC_Fault_IRQHandler
                0x00000478                FTM0_Ch6_Ch7_IRQHandler
                0x00000478                Reserved114_IRQHandler
                0x00000478                PendSV_Handler
                0x00000478                NMI_Handler
                0x00000478                Reserved89_IRQHandler
                0x00000478                ERM_double_fault_IRQHandler
                0x00000478                Reserved59_IRQHandler
                0x00000478                LPIT0_Ch0_IRQHandler
                0x00000478                Reserved99_IRQHandler
                0x00000478                FTM3_Ch6_Ch7_IRQHandler
                0x00000478                CAN2_ORed_0_15_MB_IRQHandler
                0x00000478                LPIT0_Ch3_IRQHandler
                0x00000478                Reserved92_IRQHandler
                0x00000478                FTM0_Ch4_Ch5_IRQHandler
                0x00000478                CAN1_Error_IRQHandler
                0x00000478                FTM3_Ch0_Ch1_IRQHandler
                0x00000478                SWI_IRQHandler
                0x00000478                ADC0_IRQHandler
                0x00000478                FTM2_Ch4_Ch5_IRQHandler
                0x00000478                UsageFault_Handler
                0x00000478                FTM0_Ovf_Reload_IRQHandler
                0x00000478                DefaultISR
                0x00000478                Reserved58_IRQHandler
                0x00000478                CAN1_ORed_0_15_MB_IRQHandler
                0x00000478                FTM1_Ch2_Ch3_IRQHandler
                0x00000478                Reserved82_IRQHandler
                0x00000478                CAN0_ORed_16_31_MB_IRQHandler
                0x00000478                LPI2C0_Slave_IRQHandler
                0x00000478                Reserved71_IRQHandler
                0x00000478                PORTD_IRQHandler
                0x00000478                Reserved69_IRQHandler
                0x00000478                PORTB_IRQHandler
                0x00000478                Reserved70_IRQHandler
                0x00000478                ADC1_IRQHandler
                0x00000478                FTM2_Ch2_Ch3_IRQHandler
                0x00000478                Reserved53_IRQHandler
                0x00000478                RTC_IRQHandler
                0x00000478                PDB0_IRQHandler
                0x00000478                Reserved54_IRQHandler
                0x00000478                FTM2_Ch6_Ch7_IRQHandler
                0x00000478                FTM3_Ch2_Ch3_IRQHandler
                0x00000478                FTM2_Ch0_Ch1_IRQHandler
                0x00000478                LPSPI1_IRQHandler
                0x00000478                LPUART1_RxTx_IRQHandler
                0x00000478                RTC_Seconds_IRQHandler
                0x00000478                CAN2_ORed_IRQHandler
                0x00000478                Reserved72_IRQHandler
                0x00000478                Reserved110_IRQHandler
                0x00000478                Reserved107_IRQHandler
                0x00000478                Read_Collision_IRQHandler
                0x00000478                CAN2_Error_IRQHandler
                0x00000478                FTFC_IRQHandler
                0x00000478                FTM1_Ch6_Ch7_IRQHandler
                0x00000478                Reserved105_IRQHandler
                0x00000478                LPIT0_Ch1_IRQHandler
                0x00000478                FTM1_Ch4_Ch5_IRQHandler
                0x00000478                FTM3_Ovf_Reload_IRQHandler
                0x00000478                LPUART2_RxTx_IRQHandler
                0x00000478                LPSPI0_IRQHandler
                0x00000478                WDOG_EWM_IRQHandler
                0x00000478                MemManage_Handler
                0x00000478                Reserved90_IRQHandler
                0x00000478                Reserved83_IRQHandler
                0x00000478                FTM0_Fault_IRQHandler
                0x00000478                Reserved48_IRQHandler
                0x00000478                SVC_Handler
                0x00000478                ERM_single_fault_IRQHandler
                0x00000478                FTM2_Fault_IRQHandler
                0x00000478                FTM0_Ch2_Ch3_IRQHandler
                0x00000478                FTM0_Ch0_Ch1_IRQHandler
                0x00000478                FTM3_Fault_IRQHandler
                0x00000478                RCM_IRQHandler
                0x00000478                Reserved100_IRQHandler
                0x00000478                Reserved91_IRQHandler
                0x00000478                CAN1_ORed_IRQHandler
                0x00000478                SCG_IRQHandler
                0x00000478                PDB1_IRQHandler
                0x00000478                Reserved81_IRQHandler
                0x00000478                Reserved46_IRQHandler
                0x00000478                Reserved45_IRQHandler
                0x00000478                CAN0_Error_IRQHandler
                0x00000478                Reserved112_IRQHandler
                0x00000478                LPI2C0_Master_IRQHandler
                0x00000478                FTM1_Fault_IRQHandler
                0x00000478                Reserved106_IRQHandler
                0x00000478                LVD_LVW_IRQHandler
                0x00000478                LPIT0_Ch2_IRQHandler
                0x00000478                PORTA_IRQHandler
                0x00000478                MCM_IRQHandler
                0x00000478                LPSPI2_IRQHandler
                0x00000478                FTM3_Ch4_Ch5_IRQHandler
                0x00000478                CAN0_ORed_0_15_MB_IRQHandler
                0x00000478                PORTE_IRQHandler
                0x00000478                LPUART0_RxTx_IRQHandler
                0x00000478                LPTMR0_IRQHandler
                0x00000478                BusFault_Handler
                0x00000478                Reserved87_IRQHandler
                0x00000478                FTM1_Ovf_Reload_IRQHandler
                0x00000478                Reserved93_IRQHandler
                0x00000478                CAN0_Wake_Up_IRQHandler
                0x00000478                CMP0_IRQHandler
                0x00000478                Reserved52_IRQHandler
                0x00000478                PORTC_IRQHandler
                0x00000478                FTM1_Ch0_Ch1_IRQHandler
                0x00000478                FLEXIO_IRQHandler
                0x00000478                Reserved113_IRQHandler
 .text          0x0000047c      0x378 d:/nxp/s32ds.3.4/s32ds/build_tools/gcc_v6.3/gcc-6.3-arm32-eabi/bin/../lib/gcc/arm-none-eabi/6.3.1/thumb/v7e-m\libgcc.a(_arm_addsubdf3.o)
                0x0000047c                __aeabi_drsub
                0x00000484                __aeabi_dsub
                0x00000484                __subdf3
                0x00000488                __aeabi_dadd
                0x00000488                __adddf3
                0x00000700                __floatunsidf
                0x00000700                __aeabi_ui2d
                0x00000720                __floatsidf
                0x00000720                __aeabi_i2d
                0x00000744                __aeabi_f2d
                0x00000744                __extendsfdf2
                0x00000788                __floatundidf
                0x00000788                __aeabi_ul2d
                0x00000798                __floatdidf
                0x00000798                __aeabi_l2d
 *fill*         0x000007f4        0xc 
 .text          0x00000800       0xa0 D:/NXP/S32DS.3.4/S32DS/build_tools/gcc_b1620/gcc-6.3-arm32-eabi/arm-none-eabi/newlib/lib/thumb/v7e-m\libc.a(lib_a-memchr.o)
                0x00000800                memchr
 .text          0x000008a0       0x10 D:/NXP/S32DS.3.4/S32DS/build_tools/gcc_b1620/gcc-6.3-arm32-eabi/arm-none-eabi/newlib/lib/thumb/v7e-m\libc.a(lib_a-strlen.o)
                0x000008a0                strlen
 .text          0x000008b0      0x424 d:/nxp/s32ds.3.4/s32ds/build_tools/gcc_v6.3/gcc-6.3-arm32-eabi/bin/../lib/gcc/arm-none-eabi/6.3.1/thumb/v7e-m\libgcc.a(_arm_muldivdf3.o)
                0x000008b0                __aeabi_dmul
                0x000008b0                __muldf3
                0x00000b04                __divdf3
                0x00000b04                __aeabi_ddiv
 .text          0x00000cd4      0x110 d:/nxp/s32ds.3.4/s32ds/build_tools/gcc_v6.3/gcc-6.3-arm32-eabi/bin/../lib/gcc/arm-none-eabi/6.3.1/thumb/v7e-m\libgcc.a(_arm_cmpdf2.o)
                0x00000cd4                __gtdf2
                0x00000cd4                __gedf2
                0x00000cdc                __ltdf2
                0x00000cdc                __ledf2
                0x00000ce4                __nedf2
                0x00000ce4                __eqdf2
                0x00000ce4                __cmpdf2
                0x00000d60                __aeabi_cdrcmple
                0x00000d70                __aeabi_cdcmpeq
                0x00000d70                __aeabi_cdcmple
                0x00000d80                __aeabi_dcmpeq
                0x00000d94                __aeabi_dcmplt
                0x00000da8                __aeabi_dcmple
                0x00000dbc                __aeabi_dcmpge
                0x00000dd0                __aeabi_dcmpgt
 .text          0x00000de4       0x2c d:/nxp/s32ds.3.4/s32ds/build_tools/gcc_v6.3/gcc-6.3-arm32-eabi/bin/../lib/gcc/arm-none-eabi/6.3.1/thumb/v7e-m\libgcc.a(_arm_unorddf2.o)
                0x00000de4                __unorddf2
                0x00000de4                __aeabi_dcmpun
 .text          0x00000e10       0x50 d:/nxp/s32ds.3.4/s32ds/build_tools/gcc_v6.3/gcc-6.3-arm32-eabi/bin/../lib/gcc/arm-none-eabi/6.3.1/thumb/v7e-m\libgcc.a(_arm_fixdfsi.o)
                0x00000e10                __aeabi_d2iz
                0x00000e10                __fixdfsi
 .text          0x00000e60       0x30 d:/nxp/s32ds.3.4/s32ds/build_tools/gcc_v6.3/gcc-6.3-arm32-eabi/bin/../lib/gcc/arm-none-eabi/6.3.1/thumb/v7e-m\libgcc.a(_aeabi_uldivmod.o)
                0x00000e60                __aeabi_uldivmod
 .text          0x00000e90      0x2e4 d:/nxp/s32ds.3.4/s32ds/build_tools/gcc_v6.3/gcc-6.3-arm32-eabi/bin/../lib/gcc/arm-none-eabi/6.3.1/thumb/v7e-m\libgcc.a(_udivmoddi4.o)
                0x00000e90                __udivmoddi4
 .text          0x00001174        0x4 d:/nxp/s32ds.3.4/s32ds/build_tools/gcc_v6.3/gcc-6.3-arm32-eabi/bin/../lib/gcc/arm-none-eabi/6.3.1/thumb/v7e-m\libgcc.a(_dvmd_tls.o)
                0x00001174                __aeabi_idiv0
                0x00001174                __aeabi_ldiv0
 *(.text*)
 .text.SystemInit
                0x00001178       0x20 ./SDK/platform/devices/S32K144/startup/system_S32K144.o
                0x00001178                SystemInit
 .text.init_data_bss
                0x00001198       0xd4 ./SDK/platform/devices/startup.o
                0x00001198                init_data_bss
 .text.CLOCK_SYS_GetCurrentRunMode
                0x0000126c       0x24 ./SDK/platform/drivers/src/clock/S32K1xx/clock_S32K1xx.o
 .text.CLOCK_SYS_GetSysOscFreq
                0x00001290       0x1c ./SDK/platform/drivers/src/clock/S32K1xx/clock_S32K1xx.o
 .text.CLOCK_SYS_ConfigureSOSC
                0x000012ac      0x12c ./SDK/platform/drivers/src/clock/S32K1xx/clock_S32K1xx.o
 .text.CLOCK_SYS_GetSircFreq
                0x000013d8       0x2c ./SDK/platform/drivers/src/clock/S32K1xx/clock_S32K1xx.o
 .text.CLOCK_SYS_ConfigureSIRC
                0x00001404       0xc4 ./SDK/platform/drivers/src/clock/S32K1xx/clock_S32K1xx.o
 .text.CLOCK_SYS_GetFircFreq
                0x000014c8       0x20 ./SDK/platform/drivers/src/clock/S32K1xx/clock_S32K1xx.o
 .text.CLOCK_SYS_ConfigureFIRC
                0x000014e8       0xb4 ./SDK/platform/drivers/src/clock/S32K1xx/clock_S32K1xx.o
 .text.CLOCK_SYS_GetSysPllFreq
                0x0000159c       0x44 ./SDK/platform/drivers/src/clock/S32K1xx/clock_S32K1xx.o
 .text.CLOCK_SYS_ConfigureSPLL
                0x000015e0      0x114 ./SDK/platform/drivers/src/clock/S32K1xx/clock_S32K1xx.o
 .text.CLOCK_SYS_SetSystemClockConfig
                0x000016f4      0x1e4 ./SDK/platform/drivers/src/clock/S32K1xx/clock_S32K1xx.o
 .text.CLOCK_SYS_TransitionSystemClock
                0x000018d8       0x3c ./SDK/platform/drivers/src/clock/S32K1xx/clock_S32K1xx.o
 .text.CLOCK_SYS_GetSystemClockFreq
                0x00001914       0x78 ./SDK/platform/drivers/src/clock/S32K1xx/clock_S32K1xx.o
 .text.CLOCK_SYS_GetScgClkOutFreq
                0x0000198c       0x48 ./SDK/platform/drivers/src/clock/S32K1xx/clock_S32K1xx.o
 .text.CLOCK_SYS_GetSysAsyncFreq
                0x000019d4       0xdc ./SDK/platform/drivers/src/clock/S32K1xx/clock_S32K1xx.o
 .text.CLOCK_SYS_GetSimRtcClkFreq
                0x00001ab0       0x50 ./SDK/platform/drivers/src/clock/S32K1xx/clock_S32K1xx.o
 .text.CLOCK_SYS_GetLpoFreq
                0x00001b00       0x4c ./SDK/platform/drivers/src/clock/S32K1xx/clock_S32K1xx.o
 .text.CLOCK_SYS_GetSimClkOutFreq
                0x00001b4c       0xac ./SDK/platform/drivers/src/clock/S32K1xx/clock_S32K1xx.o
 .text.CLOCK_SYS_GetSimClockFreq
                0x00001bf8      0x1b0 ./SDK/platform/drivers/src/clock/S32K1xx/clock_S32K1xx.o
 .text.CLOCK_SYS_GetPeripheralClock
                0x00001da8       0xcc ./SDK/platform/drivers/src/clock/S32K1xx/clock_S32K1xx.o
 .text.CLOCK_DRV_Init
                0x00001e74      0x614 ./SDK/platform/drivers/src/clock/S32K1xx/clock_S32K1xx.o
                0x00001e74                CLOCK_DRV_Init
 .text.CLOCK_DRV_GetFreq
                0x00002488      0x230 ./SDK/platform/drivers/src/clock/S32K1xx/clock_S32K1xx.o
                0x00002488                CLOCK_DRV_GetFreq
 .text.CLOCK_SYS_GetFreq
                0x000026b8        0x8 ./SDK/platform/drivers/src/clock/S32K1xx/clock_S32K1xx.o
                0x000026b8                CLOCK_SYS_GetFreq
 .text.EDMA_DRV_IRQHandler
                0x000026c0       0x2c ./SDK/platform/drivers/src/edma/edma_driver.o
                0x000026c0                EDMA_DRV_IRQHandler
 .text.EDMA_DRV_ErrorIRQHandler
                0x000026ec       0x3c ./SDK/platform/drivers/src/edma/edma_driver.o
                0x000026ec                EDMA_DRV_ErrorIRQHandler
 .text.EDMA_DRV_StopChannel
                0x00002728       0x18 ./SDK/platform/drivers/src/edma/edma_driver.o
                0x00002728                EDMA_DRV_StopChannel
 .text.EDMA_DRV_GetDmaRegBaseAddr
                0x00002740        0x8 ./SDK/platform/drivers/src/edma/edma_driver.o
                0x00002740                EDMA_DRV_GetDmaRegBaseAddr
 .text.EDMA_SetDmaRequestCmd
                0x00002748        0xa ./SDK/platform/drivers/src/edma/edma_hw_access.o
                0x00002748                EDMA_SetDmaRequestCmd
 .text.DMA0_IRQHandler
                0x00002752        0xa ./SDK/platform/drivers/src/edma/edma_irq.o
                0x00002752                DMA0_IRQHandler
 .text.DMA1_IRQHandler
                0x0000275c        0xa ./SDK/platform/drivers/src/edma/edma_irq.o
                0x0000275c                DMA1_IRQHandler
 .text.DMA2_IRQHandler
                0x00002766        0xa ./SDK/platform/drivers/src/edma/edma_irq.o
                0x00002766                DMA2_IRQHandler
 .text.DMA3_IRQHandler
                0x00002770        0xa ./SDK/platform/drivers/src/edma/edma_irq.o
                0x00002770                DMA3_IRQHandler
 .text.DMA4_IRQHandler
                0x0000277a        0xa ./SDK/platform/drivers/src/edma/edma_irq.o
                0x0000277a                DMA4_IRQHandler
 .text.DMA5_IRQHandler
                0x00002784        0xa ./SDK/platform/drivers/src/edma/edma_irq.o
                0x00002784                DMA5_IRQHandler
 .text.DMA6_IRQHandler
                0x0000278e        0xa ./SDK/platform/drivers/src/edma/edma_irq.o
                0x0000278e                DMA6_IRQHandler
 .text.DMA7_IRQHandler
                0x00002798        0xa ./SDK/platform/drivers/src/edma/edma_irq.o
                0x00002798                DMA7_IRQHandler
 .text.DMA8_IRQHandler
                0x000027a2        0xa ./SDK/platform/drivers/src/edma/edma_irq.o
                0x000027a2                DMA8_IRQHandler
 .text.DMA9_IRQHandler
                0x000027ac        0xa ./SDK/platform/drivers/src/edma/edma_irq.o
                0x000027ac                DMA9_IRQHandler
 .text.DMA10_IRQHandler
                0x000027b6        0xa ./SDK/platform/drivers/src/edma/edma_irq.o
                0x000027b6                DMA10_IRQHandler
 .text.DMA11_IRQHandler
                0x000027c0        0xa ./SDK/platform/drivers/src/edma/edma_irq.o
                0x000027c0                DMA11_IRQHandler
 .text.DMA12_IRQHandler
                0x000027ca        0xa ./SDK/platform/drivers/src/edma/edma_irq.o
                0x000027ca                DMA12_IRQHandler
 .text.DMA13_IRQHandler
                0x000027d4        0xa ./SDK/platform/drivers/src/edma/edma_irq.o
                0x000027d4                DMA13_IRQHandler
 .text.DMA14_IRQHandler
                0x000027de        0xa ./SDK/platform/drivers/src/edma/edma_irq.o
                0x000027de                DMA14_IRQHandler
 .text.DMA15_IRQHandler
                0x000027e8        0xa ./SDK/platform/drivers/src/edma/edma_irq.o
                0x000027e8                DMA15_IRQHandler
 .text.DMA_Error_IRQHandler
                0x000027f2       0x28 ./SDK/platform/drivers/src/edma/edma_irq.o
                0x000027f2                DMA_Error_IRQHandler
 *fill*         0x0000281a        0x2 
 .text.INT_SYS_InstallHandler
                0x0000281c       0x40 ./SDK/platform/drivers/src/interrupt/interrupt_manager.o
                0x0000281c                INT_SYS_InstallHandler
 .text.INT_SYS_EnableIRQ
                0x0000285c       0x18 ./SDK/platform/drivers/src/interrupt/interrupt_manager.o
                0x0000285c                INT_SYS_EnableIRQ
 .text.INT_SYS_EnableIRQGlobal
                0x00002874       0x1c ./SDK/platform/drivers/src/interrupt/interrupt_manager.o
                0x00002874                INT_SYS_EnableIRQGlobal
 .text.INT_SYS_DisableIRQGlobal
                0x00002890       0x10 ./SDK/platform/drivers/src/interrupt/interrupt_manager.o
                0x00002890                INT_SYS_DisableIRQGlobal
 .text.LPUART_DRV_CompleteSendDataUsingInt
                0x000028a0       0x6c ./SDK/platform/drivers/src/lpuart/lpuart_driver.o
 .text.LPUART_DRV_StopTxDma
                0x0000290c       0x74 ./SDK/platform/drivers/src/lpuart/lpuart_driver.o
 .text.LPUART_DRV_PutData
                0x00002980       0x44 ./SDK/platform/drivers/src/lpuart/lpuart_driver.o
 .text.LPUART_DRV_CompleteReceiveDataUsingInt
                0x000029c4       0x6c ./SDK/platform/drivers/src/lpuart/lpuart_driver.o
 .text.LPUART_DRV_StopRxDma
                0x00002a30       0x74 ./SDK/platform/drivers/src/lpuart/lpuart_driver.o
 .text.LPUART_DRV_GetData
                0x00002aa4       0x5c ./SDK/platform/drivers/src/lpuart/lpuart_driver.o
 .text.LPUART_DRV_SendDataPolling
                0x00002b00       0x9c ./SDK/platform/drivers/src/lpuart/lpuart_driver.o
                0x00002b00                LPUART_DRV_SendDataPolling
 .text.LPUART_DRV_SetBaudRate
                0x00002b9c       0xf0 ./SDK/platform/drivers/src/lpuart/lpuart_driver.o
                0x00002b9c                LPUART_DRV_SetBaudRate
 .text.LPUART_DRV_Init
                0x00002c8c       0xe0 ./SDK/platform/drivers/src/lpuart/lpuart_driver.o
                0x00002c8c                LPUART_DRV_Init
 .text.LPUART_DRV_IRQHandler
                0x00002d6c      0x284 ./SDK/platform/drivers/src/lpuart/lpuart_driver.o
                0x00002d6c                LPUART_DRV_IRQHandler
 .text.LPUART_Init
                0x00002ff0       0x24 ./SDK/platform/drivers/src/lpuart/lpuart_hw_access.o
                0x00002ff0                LPUART_Init
 .text.LPUART_SetBitCountPerChar
                0x00003014       0x2e ./SDK/platform/drivers/src/lpuart/lpuart_hw_access.o
                0x00003014                LPUART_SetBitCountPerChar
 .text.LPUART_SetParityMode
                0x00003042       0x1e ./SDK/platform/drivers/src/lpuart/lpuart_hw_access.o
                0x00003042                LPUART_SetParityMode
 .text.LPUART_Putchar9
                0x00003060       0x16 ./SDK/platform/drivers/src/lpuart/lpuart_hw_access.o
                0x00003060                LPUART_Putchar9
 .text.LPUART_Putchar10
                0x00003076       0x22 ./SDK/platform/drivers/src/lpuart/lpuart_hw_access.o
                0x00003076                LPUART_Putchar10
 .text.LPUART_Getchar9
                0x00003098       0x12 ./SDK/platform/drivers/src/lpuart/lpuart_hw_access.o
                0x00003098                LPUART_Getchar9
 .text.LPUART_Getchar10
                0x000030aa       0x1e ./SDK/platform/drivers/src/lpuart/lpuart_hw_access.o
                0x000030aa                LPUART_Getchar10
 .text.LPUART_SetIntMode
                0x000030c8       0x6e ./SDK/platform/drivers/src/lpuart/lpuart_hw_access.o
                0x000030c8                LPUART_SetIntMode
 .text.LPUART_GetIntMode
                0x00003136       0x4a ./SDK/platform/drivers/src/lpuart/lpuart_hw_access.o
                0x00003136                LPUART_GetIntMode
 .text.LPUART_GetStatusFlag
                0x00003180       0x4a ./SDK/platform/drivers/src/lpuart/lpuart_hw_access.o
                0x00003180                LPUART_GetStatusFlag
 *fill*         0x000031ca        0x2 
 .text.LPUART_SetErrorInterrupts
                0x000031cc       0x40 ./SDK/platform/drivers/src/lpuart/lpuart_hw_access.o
                0x000031cc                LPUART_SetErrorInterrupts
 .text.LPUART0_IrqHandler
                0x0000320c        0xa ./SDK/platform/drivers/src/lpuart/lpuart_irq.o
                0x0000320c                LPUART0_IrqHandler
 .text.LPUART1_IrqHandler
                0x00003216        0xa ./SDK/platform/drivers/src/lpuart/lpuart_irq.o
                0x00003216                LPUART1_IrqHandler
 .text.LPUART2_IrqHandler
                0x00003220        0xa ./SDK/platform/drivers/src/lpuart/lpuart_irq.o
                0x00003220                LPUART2_IrqHandler
 .text.PINS_DRV_Init
                0x0000322a       0x20 ./SDK/platform/drivers/src/pins/pins_driver.o
                0x0000322a                PINS_DRV_Init
 *fill*         0x0000324a        0x2 
 .text.PINS_GetAdcInterleaveVal
                0x0000324c       0x6c ./SDK/platform/drivers/src/pins/pins_port_hw_access.o
 .text.PINS_Init
                0x000032b8      0x114 ./SDK/platform/drivers/src/pins/pins_port_hw_access.o
                0x000032b8                PINS_Init
 .text.SysTick_Handler
                0x000033cc       0x10 ./SDK/rtos/osif/osif_baremetal.o
                0x000033cc                SysTick_Handler
 .text.OSIF_TimeDelay
                0x000033dc       0x60 ./SDK/rtos/osif/osif_baremetal.o
                0x000033dc                OSIF_TimeDelay
 .text.OSIF_SemaPost
                0x0000343c       0x26 ./SDK/rtos/osif/osif_baremetal.o
                0x0000343c                OSIF_SemaPost
 .text.OSIF_SemaCreate
                0x00003462       0x14 ./SDK/rtos/osif/osif_baremetal.o
                0x00003462                OSIF_SemaCreate
 *fill*         0x00003476        0x2 
 .text.float_to_ascii_array
                0x00003478       0x28 ./src/main.o
                0x00003478                float_to_ascii_array
 .text.main     0x000034a0       0x7c ./src/main.o
                0x000034a0                main
 .text.memset   0x0000351c       0x10 D:/NXP/S32DS.3.4/S32DS/build_tools/gcc_b1620/gcc-6.3-arm32-eabi/arm-none-eabi/newlib/lib/thumb/v7e-m\libc.a(lib_a-memset.o)
                0x0000351c                memset
 .text.sprintf  0x0000352c       0x48 D:/NXP/S32DS.3.4/S32DS/build_tools/gcc_b1620/gcc-6.3-arm32-eabi/arm-none-eabi/newlib/lib/thumb/v7e-m\libc.a(lib_a-sprintf.o)
                0x0000352c                sprintf
 .text.strcpy   0x00003574       0x10 D:/NXP/S32DS.3.4/S32DS/build_tools/gcc_b1620/gcc-6.3-arm32-eabi/arm-none-eabi/newlib/lib/thumb/v7e-m\libc.a(lib_a-strcpy.o)
                0x00003574                strcpy
 .text._svfprintf_r
                0x00003584      0xfac D:/NXP/S32DS.3.4/S32DS/build_tools/gcc_b1620/gcc-6.3-arm32-eabi/arm-none-eabi/newlib/lib/thumb/v7e-m\libc.a(lib_a-svfprintf.o)
                0x00003584                _svfprintf_r
 .text.quorem   0x00004530      0x118 D:/NXP/S32DS.3.4/S32DS/build_tools/gcc_b1620/gcc-6.3-arm32-eabi/arm-none-eabi/newlib/lib/thumb/v7e-m\libc.a(lib_a-dtoa.o)
 .text._dtoa_r  0x00004648      0xb74 D:/NXP/S32DS.3.4/S32DS/build_tools/gcc_b1620/gcc-6.3-arm32-eabi/arm-none-eabi/newlib/lib/thumb/v7e-m\libc.a(lib_a-dtoa.o)
                0x00004648                _dtoa_r
 .text._localeconv_r
                0x000051bc        0x8 D:/NXP/S32DS.3.4/S32DS/build_tools/gcc_b1620/gcc-6.3-arm32-eabi/arm-none-eabi/newlib/lib/thumb/v7e-m\libc.a(lib_a-localeconv.o)
                0x000051bc                _localeconv_r
 .text._malloc_r
                0x000051c4      0x454 D:/NXP/S32DS.3.4/S32DS/build_tools/gcc_b1620/gcc-6.3-arm32-eabi/arm-none-eabi/newlib/lib/thumb/v7e-m\libc.a(lib_a-mallocr.o)
                0x000051c4                _malloc_r
 .text.__ascii_mbtowc
                0x00005618       0x24 D:/NXP/S32DS.3.4/S32DS/build_tools/gcc_b1620/gcc-6.3-arm32-eabi/arm-none-eabi/newlib/lib/thumb/v7e-m\libc.a(lib_a-mbtowc_r.o)
                0x00005618                __ascii_mbtowc
 .text.memcpy   0x0000563c       0x1c D:/NXP/S32DS.3.4/S32DS/build_tools/gcc_b1620/gcc-6.3-arm32-eabi/arm-none-eabi/newlib/lib/thumb/v7e-m\libc.a(lib_a-memcpy-stub.o)
                0x0000563c                memcpy
 .text.__malloc_lock
                0x00005658        0x2 D:/NXP/S32DS.3.4/S32DS/build_tools/gcc_b1620/gcc-6.3-arm32-eabi/arm-none-eabi/newlib/lib/thumb/v7e-m\libc.a(lib_a-mlock.o)
                0x00005658                __malloc_lock
 .text.__malloc_unlock
                0x0000565a        0x2 D:/NXP/S32DS.3.4/S32DS/build_tools/gcc_b1620/gcc-6.3-arm32-eabi/arm-none-eabi/newlib/lib/thumb/v7e-m\libc.a(lib_a-mlock.o)
                0x0000565a                __malloc_unlock
 .text._Balloc  0x0000565c       0x4a D:/NXP/S32DS.3.4/S32DS/build_tools/gcc_b1620/gcc-6.3-arm32-eabi/arm-none-eabi/newlib/lib/thumb/v7e-m\libc.a(lib_a-mprec.o)
                0x0000565c                _Balloc
 .text._Bfree   0x000056a6       0x12 D:/NXP/S32DS.3.4/S32DS/build_tools/gcc_b1620/gcc-6.3-arm32-eabi/arm-none-eabi/newlib/lib/thumb/v7e-m\libc.a(lib_a-mprec.o)
                0x000056a6                _Bfree
 .text.__multadd
                0x000056b8       0x76 D:/NXP/S32DS.3.4/S32DS/build_tools/gcc_b1620/gcc-6.3-arm32-eabi/arm-none-eabi/newlib/lib/thumb/v7e-m\libc.a(lib_a-mprec.o)
                0x000056b8                __multadd
 .text.__hi0bits
                0x0000572e       0x3e D:/NXP/S32DS.3.4/S32DS/build_tools/gcc_b1620/gcc-6.3-arm32-eabi/arm-none-eabi/newlib/lib/thumb/v7e-m\libc.a(lib_a-mprec.o)
                0x0000572e                __hi0bits
 .text.__lo0bits
                0x0000576c       0x5e D:/NXP/S32DS.3.4/S32DS/build_tools/gcc_b1620/gcc-6.3-arm32-eabi/arm-none-eabi/newlib/lib/thumb/v7e-m\libc.a(lib_a-mprec.o)
                0x0000576c                __lo0bits
 .text.__i2b    0x000057ca       0x12 D:/NXP/S32DS.3.4/S32DS/build_tools/gcc_b1620/gcc-6.3-arm32-eabi/arm-none-eabi/newlib/lib/thumb/v7e-m\libc.a(lib_a-mprec.o)
                0x000057ca                __i2b
 .text.__multiply
                0x000057dc      0x11a D:/NXP/S32DS.3.4/S32DS/build_tools/gcc_b1620/gcc-6.3-arm32-eabi/arm-none-eabi/newlib/lib/thumb/v7e-m\libc.a(lib_a-mprec.o)
                0x000057dc                __multiply
 *fill*         0x000058f6        0x2 
 .text.__pow5mult
                0x000058f8       0x80 D:/NXP/S32DS.3.4/S32DS/build_tools/gcc_b1620/gcc-6.3-arm32-eabi/arm-none-eabi/newlib/lib/thumb/v7e-m\libc.a(lib_a-mprec.o)
                0x000058f8                __pow5mult
 .text.__lshift
                0x00005978       0xa2 D:/NXP/S32DS.3.4/S32DS/build_tools/gcc_b1620/gcc-6.3-arm32-eabi/arm-none-eabi/newlib/lib/thumb/v7e-m\libc.a(lib_a-mprec.o)
                0x00005978                __lshift
 .text.__mcmp   0x00005a1a       0x34 D:/NXP/S32DS.3.4/S32DS/build_tools/gcc_b1620/gcc-6.3-arm32-eabi/arm-none-eabi/newlib/lib/thumb/v7e-m\libc.a(lib_a-mprec.o)
                0x00005a1a                __mcmp
 .text.__mdiff  0x00005a4e       0xbc D:/NXP/S32DS.3.4/S32DS/build_tools/gcc_b1620/gcc-6.3-arm32-eabi/arm-none-eabi/newlib/lib/thumb/v7e-m\libc.a(lib_a-mprec.o)
                0x00005a4e                __mdiff
 .text.__d2b    0x00005b0a       0x9e D:/NXP/S32DS.3.4/S32DS/build_tools/gcc_b1620/gcc-6.3-arm32-eabi/arm-none-eabi/newlib/lib/thumb/v7e-m\libc.a(lib_a-mprec.o)
                0x00005b0a                __d2b
 .text._sbrk_r  0x00005ba8       0x20 D:/NXP/S32DS.3.4/S32DS/build_tools/gcc_b1620/gcc-6.3-arm32-eabi/arm-none-eabi/newlib/lib/thumb/v7e-m\libc.a(lib_a-sbrkr.o)
                0x00005ba8                _sbrk_r
 .text.__ssprint_r
                0x00005bc8       0xf4 D:/NXP/S32DS.3.4/S32DS/build_tools/gcc_b1620/gcc-6.3-arm32-eabi/arm-none-eabi/newlib/lib/thumb/v7e-m\libc.a(lib_a-svfiprintf.o)
                0x00005bc8                __ssprint_r
 .text.__ascii_wctomb
                0x00005cbc       0x1a D:/NXP/S32DS.3.4/S32DS/build_tools/gcc_b1620/gcc-6.3-arm32-eabi/arm-none-eabi/newlib/lib/thumb/v7e-m\libc.a(lib_a-wctomb_r.o)
                0x00005cbc                __ascii_wctomb
 .text._calloc_r
                0x00005cd6       0x5a D:/NXP/S32DS.3.4/S32DS/build_tools/gcc_b1620/gcc-6.3-arm32-eabi/arm-none-eabi/newlib/lib/thumb/v7e-m\libc.a(lib_a-callocr.o)
                0x00005cd6                _calloc_r
 .text._malloc_trim_r
                0x00005d30       0xa0 D:/NXP/S32DS.3.4/S32DS/build_tools/gcc_b1620/gcc-6.3-arm32-eabi/arm-none-eabi/newlib/lib/thumb/v7e-m\libc.a(lib_a-freer.o)
                0x00005d30                _malloc_trim_r
 .text._free_r  0x00005dd0      0x178 D:/NXP/S32DS.3.4/S32DS/build_tools/gcc_b1620/gcc-6.3-arm32-eabi/arm-none-eabi/newlib/lib/thumb/v7e-m\libc.a(lib_a-freer.o)
                0x00005dd0                _free_r
 .text.memmove  0x00005f48       0x34 D:/NXP/S32DS.3.4/S32DS/build_tools/gcc_b1620/gcc-6.3-arm32-eabi/arm-none-eabi/newlib/lib/thumb/v7e-m\libc.a(lib_a-memmove.o)
                0x00005f48                memmove
 .text._realloc_r
                0x00005f7c      0x300 D:/NXP/S32DS.3.4/S32DS/build_tools/gcc_b1620/gcc-6.3-arm32-eabi/arm-none-eabi/newlib/lib/thumb/v7e-m\libc.a(lib_a-reallocr.o)
                0x00005f7c                _realloc_r
 .text._sbrk    0x0000627c       0x1c D:/NXP/S32DS.3.4/S32DS/build_tools/gcc_b1620/gcc-6.3-arm32-eabi/arm-none-eabi/newlib/lib/thumb/v7e-m\libnosys.a(sbrk.o)
                0x0000627c                _sbrk
 *(.rodata)
 *(.rodata*)
 .rodata.clockNameMappings
                0x00006298       0x9e ./SDK/platform/drivers/src/clock/S32K1xx/clock_S32K1xx.o
                0x00006298                clockNameMappings
 *fill*         0x00006336        0x2 
 .rodata.maxSysClksInHSRUN.6384
                0x00006338       0x54 ./SDK/platform/drivers/src/clock/S32K1xx/clock_S32K1xx.o
 .rodata.maxSysClksInRUN.6383
                0x0000638c       0x54 ./SDK/platform/drivers/src/clock/S32K1xx/clock_S32K1xx.o
 .rodata.maxSysClksInVLPR.6382
                0x000063e0       0x54 ./SDK/platform/drivers/src/clock/S32K1xx/clock_S32K1xx.o
 .rodata.peripheralFeaturesList
                0x00006434       0x4f ./SDK/platform/drivers/src/clock/S32K1xx/clock_S32K1xx.o
                0x00006434                peripheralFeaturesList
 *fill*         0x00006483        0x1 
 .rodata.s_lpuartBase
                0x00006484        0xc ./SDK/platform/drivers/src/lpuart/lpuart_driver.o
 .rodata.s_lpuartClkNames
                0x00006490        0x3 ./SDK/platform/drivers/src/lpuart/lpuart_driver.o
 *fill*         0x00006493        0x1 
 .rodata.s_lpuartRxTxIrqId
                0x00006494        0x3 ./SDK/platform/drivers/src/lpuart/lpuart_driver.o
 *fill*         0x00006497        0x1 
 .rodata.terminal_screen_InitConfig
                0x00006498        0xc ./board/peripherals_terminal_screen.o
                0x00006498                terminal_screen_InitConfig
 .rodata.float_to_ascii_array.str1.4
                0x000064a4        0x3 ./src/main.o
 *fill*         0x000064a7        0x1 
 .rodata.main.str1.4
                0x000064a8       0x40 ./src/main.o
 .rodata._svfprintf_r.str1.1
                0x000064e8       0x34 D:/NXP/S32DS.3.4/S32DS/build_tools/gcc_b1620/gcc-6.3-arm32-eabi/arm-none-eabi/newlib/lib/thumb/v7e-m\libc.a(lib_a-svfprintf.o)
 .rodata.blanks.7272
                0x0000651c       0x10 D:/NXP/S32DS.3.4/S32DS/build_tools/gcc_b1620/gcc-6.3-arm32-eabi/arm-none-eabi/newlib/lib/thumb/v7e-m\libc.a(lib_a-svfprintf.o)
 .rodata.zeroes.7273
                0x0000652c       0x10 D:/NXP/S32DS.3.4/S32DS/build_tools/gcc_b1620/gcc-6.3-arm32-eabi/arm-none-eabi/newlib/lib/thumb/v7e-m\libc.a(lib_a-svfprintf.o)
 .rodata._dtoa_r.str1.1
                0x0000653c        0xd D:/NXP/S32DS.3.4/S32DS/build_tools/gcc_b1620/gcc-6.3-arm32-eabi/arm-none-eabi/newlib/lib/thumb/v7e-m\libc.a(lib_a-dtoa.o)
                                  0xf (size before relaxing)
 .rodata._setlocale_r.str1.1
                0x00006549        0x8 D:/NXP/S32DS.3.4/S32DS/build_tools/gcc_b1620/gcc-6.3-arm32-eabi/arm-none-eabi/newlib/lib/thumb/v7e-m\libc.a(lib_a-locale.o)
                                  0x9 (size before relaxing)
 .rodata.str1.1
                0x00006551        0x2 D:/NXP/S32DS.3.4/S32DS/build_tools/gcc_b1620/gcc-6.3-arm32-eabi/arm-none-eabi/newlib/lib/thumb/v7e-m\libc.a(lib_a-locale.o)
 *fill*         0x00006553        0x5 
 .rodata.__mprec_bigtens
                0x00006558       0x28 D:/NXP/S32DS.3.4/S32DS/build_tools/gcc_b1620/gcc-6.3-arm32-eabi/arm-none-eabi/newlib/lib/thumb/v7e-m\libc.a(lib_a-mprec.o)
                0x00006558                __mprec_bigtens
 .rodata.__mprec_tens
                0x00006580       0xc8 D:/NXP/S32DS.3.4/S32DS/build_tools/gcc_b1620/gcc-6.3-arm32-eabi/arm-none-eabi/newlib/lib/thumb/v7e-m\libc.a(lib_a-mprec.o)
                0x00006580                __mprec_tens
 .rodata.p05.6063
                0x00006648        0xc D:/NXP/S32DS.3.4/S32DS/build_tools/gcc_b1620/gcc-6.3-arm32-eabi/arm-none-eabi/newlib/lib/thumb/v7e-m\libc.a(lib_a-mprec.o)
 .rodata._ctype_
                0x00006654      0x101 D:/NXP/S32DS.3.4/S32DS/build_tools/gcc_b1620/gcc-6.3-arm32-eabi/arm-none-eabi/newlib/lib/thumb/v7e-m\libc.a(lib_a-ctype_.o)
                0x00006654                _ctype_
 *(.init)
 *fill*         0x00006755        0x3 
 .init          0x00006758        0x4 d:/nxp/s32ds.3.4/s32ds/build_tools/gcc_v6.3/gcc-6.3-arm32-eabi/bin/../lib/gcc/arm-none-eabi/6.3.1/thumb/v7e-m/crti.o
                0x00006758                _init
 *(.fini)
 .fini          0x0000675c        0x4 d:/nxp/s32ds.3.4/s32ds/build_tools/gcc_v6.3/gcc-6.3-arm32-eabi/bin/../lib/gcc/arm-none-eabi/6.3.1/thumb/v7e-m/crti.o
                0x0000675c                _fini
 *(.eh_frame)
                0x00006760                . = ALIGN (0x4)

.glue_7         0x00006760        0x0
 .glue_7        0x00006760        0x0 linker stubs

.glue_7t        0x00006760        0x0
 .glue_7t       0x00006760        0x0 linker stubs

.vfp11_veneer   0x00006760        0x0
 .vfp11_veneer  0x00006760        0x0 linker stubs

.v4_bx          0x00006760        0x0
 .v4_bx         0x00006760        0x0 linker stubs

.iplt           0x00006760        0x0
 .iplt          0x00006760        0x0 d:/nxp/s32ds.3.4/s32ds/build_tools/gcc_v6.3/gcc-6.3-arm32-eabi/bin/../lib/gcc/arm-none-eabi/6.3.1/thumb/v7e-m/crtbegin.o

.ARM            0x00006760        0x8
                0x00006760                __exidx_start = .
 *(.ARM.exidx*)
 .ARM.exidx     0x00006760        0x8 d:/nxp/s32ds.3.4/s32ds/build_tools/gcc_v6.3/gcc-6.3-arm32-eabi/bin/../lib/gcc/arm-none-eabi/6.3.1/thumb/v7e-m\libgcc.a(_udivmoddi4.o)
                0x00006768                __exidx_end = .
                0x00006768                __etext = .
                0x00006768                __DATA_ROM = .

.rel.dyn        0x00006768        0x0
 .rel.iplt      0x00006768        0x0 d:/nxp/s32ds.3.4/s32ds/build_tools/gcc_v6.3/gcc-6.3-arm32-eabi/bin/../lib/gcc/arm-none-eabi/6.3.1/thumb/v7e-m/crtbegin.o

.interrupts_ram
                0x1fff8000      0x400
                0x1fff8000                . = ALIGN (0x4)
                0x1fff8000                __VECTOR_RAM__ = .
                0x1fff8000                __RAM_START = .
                0x1fff8000                __interrupts_ram_start__ = .
 *(.m_interrupts_ram)
                0x1fff8400                . = (. + M_VECTOR_RAM_SIZE)
 *fill*         0x1fff8000      0x400 
                0x1fff8400                . = ALIGN (0x4)
                0x1fff8400                __interrupts_ram_end__ = .
                0x1fff8000                __VECTOR_RAM = DEFINED (__flash_vector_table__)?ORIGIN (m_interrupts):__VECTOR_RAM__
                0x00000400                __RAM_VECTOR_TABLE_SIZE = DEFINED (__flash_vector_table__)?0x0:(__interrupts_ram_end__ - __interrupts_ram_start__)

.data           0x1fff8400      0xba4 load address 0x00006768
                0x1fff8400                . = ALIGN (0x4)
                0x1fff8400                __DATA_RAM = .
                0x1fff8400                __data_start__ = .
 *(.data)
 *(.data*)
 .data.peripheralClockConfig.6111
                0x1fff8400       0xa0 ./SDK/platform/drivers/src/clock/S32K1xx/clock_S32K1xx.o
 .data.g_lpuartIsr
                0x1fff84a0        0xc ./SDK/platform/drivers/src/lpuart/lpuart_irq.o
                0x1fff84a0                g_lpuartIsr
 .data.first_init.5602
                0x1fff84ac        0x1 ./SDK/rtos/osif/osif_baremetal.o
 *fill*         0x1fff84ad        0x3 
 .data.clockMan1_InitConfig0
                0x1fff84b0       0x88 ./board/clock_config.o
                0x1fff84b0                clockMan1_InitConfig0
 .data.peripheralClockConfig0
                0x1fff8538       0xa0 ./board/clock_config.o
                0x1fff8538                peripheralClockConfig0
 .data.g_pin_mux_InitConfigArr0
                0x1fff85d8       0x30 ./board/pin_mux.o
                0x1fff85d8                g_pin_mux_InitConfigArr0
 .data.float_value
                0x1fff8608        0x4 ./src/main.o
                0x1fff8608                float_value
 .data._impure_ptr
                0x1fff860c        0x4 D:/NXP/S32DS.3.4/S32DS/build_tools/gcc_b1620/gcc-6.3-arm32-eabi/arm-none-eabi/newlib/lib/thumb/v7e-m\libc.a(lib_a-impure.o)
                0x1fff860c                _impure_ptr
 .data.impure_data
                0x1fff8610      0x418 D:/NXP/S32DS.3.4/S32DS/build_tools/gcc_b1620/gcc-6.3-arm32-eabi/arm-none-eabi/newlib/lib/thumb/v7e-m\libc.a(lib_a-impure.o)
 .data.__global_locale
                0x1fff8a28      0x16c D:/NXP/S32DS.3.4/S32DS/build_tools/gcc_b1620/gcc-6.3-arm32-eabi/arm-none-eabi/newlib/lib/thumb/v7e-m\libc.a(lib_a-locale.o)
                0x1fff8a28                __global_locale
 .data.__malloc_av_
                0x1fff8b94      0x408 D:/NXP/S32DS.3.4/S32DS/build_tools/gcc_b1620/gcc-6.3-arm32-eabi/arm-none-eabi/newlib/lib/thumb/v7e-m\libc.a(lib_a-mallocr.o)
                0x1fff8b94                __malloc_av_
 .data.__malloc_sbrk_base
                0x1fff8f9c        0x4 D:/NXP/S32DS.3.4/S32DS/build_tools/gcc_b1620/gcc-6.3-arm32-eabi/arm-none-eabi/newlib/lib/thumb/v7e-m\libc.a(lib_a-mallocr.o)
                0x1fff8f9c                __malloc_sbrk_base
 .data.__malloc_trim_threshold
                0x1fff8fa0        0x4 D:/NXP/S32DS.3.4/S32DS/build_tools/gcc_b1620/gcc-6.3-arm32-eabi/arm-none-eabi/newlib/lib/thumb/v7e-m\libc.a(lib_a-mallocr.o)
                0x1fff8fa0                __malloc_trim_threshold
                0x1fff8fa4                . = ALIGN (0x4)
                0x1fff8fa4                __data_end__ = .
                0x0000730c                __DATA_END = (__DATA_ROM + (__data_end__ - __data_start__))
                0x0000730c                __CODE_ROM = __DATA_END

.igot.plt       0x1fff8fa4        0x0 load address 0x0000730c
 .igot.plt      0x1fff8fa4        0x0 d:/nxp/s32ds.3.4/s32ds/build_tools/gcc_v6.3/gcc-6.3-arm32-eabi/bin/../lib/gcc/arm-none-eabi/6.3.1/thumb/v7e-m/crtbegin.o

.code           0x1fff8fa4        0x0 load address 0x0000730c
                0x1fff8fa4                . = ALIGN (0x4)
                0x1fff8fa4                __CODE_RAM = .
                0x1fff8fa4                __code_start__ = .
                0x1fff8fa4                __code_ram_start__ = .
 *(.code_ram)
                0x1fff8fa4                . = ALIGN (0x4)
                0x1fff8fa4                __code_end__ = .
                0x1fff8fa4                __code_ram_end__ = .
                0x0000730c                __CODE_END = (__CODE_ROM + (__code_end__ - __code_start__))
                0x0000730c                __CUSTOM_ROM = __CODE_END

.customSectionBlock
                0x20000000        0x0 load address 0x0000730c
                0x20000000                __customSection_start__ = .
 *(.customSection)
                0x20000000                __customSection_end__ = .
                0x0000730c                __CUSTOM_END = (__CUSTOM_ROM + (__customSection_end__ - __customSection_start__))
                0x0000730c                __rom_end = __CUSTOM_END

.bss            0x20000000       0xb0
                0x20000000                . = ALIGN (0x4)
                0x20000000                __BSS_START = .
                0x20000000                __bss_start__ = .
 *(.bss)
 *(.bss*)
 .bss.g_RtcClkInFreq
                0x20000000        0x4 ./SDK/platform/drivers/src/clock/S32K1xx/clock_S32K1xx.o
                0x20000000                g_RtcClkInFreq
 .bss.g_TClkFreq
                0x20000004        0xc ./SDK/platform/drivers/src/clock/S32K1xx/clock_S32K1xx.o
                0x20000004                g_TClkFreq
 .bss.g_xtal0ClkFreq
                0x20000010        0x4 ./SDK/platform/drivers/src/clock/S32K1xx/clock_S32K1xx.o
                0x20000010                g_xtal0ClkFreq
 .bss.s_virtEdmaState
                0x20000014        0x4 ./SDK/platform/drivers/src/edma/edma_driver.o
 .bss.g_interruptDisableCount
                0x20000018        0x4 ./SDK/platform/drivers/src/interrupt/interrupt_manager.o
 .bss.s_lpuartStatePtr
                0x2000001c        0xc ./SDK/platform/drivers/src/lpuart/lpuart_driver.o
 .bss.s_osif_tick_cnt
                0x20000028        0x4 ./SDK/rtos/osif/osif_baremetal.o
 .bss.terminal_screen_state
                0x2000002c       0x34 ./board/peripherals_terminal_screen.o
                0x2000002c                terminal_screen_state
 .bss.txBuff    0x20000060       0x14 ./src/main.o
                0x20000060                txBuff
 .bss.__malloc_current_mallinfo
                0x20000074       0x28 D:/NXP/S32DS.3.4/S32DS/build_tools/gcc_b1620/gcc-6.3-arm32-eabi/arm-none-eabi/newlib/lib/thumb/v7e-m\libc.a(lib_a-mallocr.o)
                0x20000074                __malloc_current_mallinfo
 .bss.__malloc_max_sbrked_mem
                0x2000009c        0x4 D:/NXP/S32DS.3.4/S32DS/build_tools/gcc_b1620/gcc-6.3-arm32-eabi/arm-none-eabi/newlib/lib/thumb/v7e-m\libc.a(lib_a-mallocr.o)
                0x2000009c                __malloc_max_sbrked_mem
 .bss.__malloc_max_total_mem
                0x200000a0        0x4 D:/NXP/S32DS.3.4/S32DS/build_tools/gcc_b1620/gcc-6.3-arm32-eabi/arm-none-eabi/newlib/lib/thumb/v7e-m\libc.a(lib_a-mallocr.o)
                0x200000a0                __malloc_max_total_mem
 .bss.__malloc_top_pad
                0x200000a4        0x4 D:/NXP/S32DS.3.4/S32DS/build_tools/gcc_b1620/gcc-6.3-arm32-eabi/arm-none-eabi/newlib/lib/thumb/v7e-m\libc.a(lib_a-mallocr.o)
                0x200000a4                __malloc_top_pad
 .bss.errno     0x200000a8        0x4 D:/NXP/S32DS.3.4/S32DS/build_tools/gcc_b1620/gcc-6.3-arm32-eabi/arm-none-eabi/newlib/lib/thumb/v7e-m\libc.a(lib_a-reent.o)
                0x200000a8                errno
 .bss.heap_end.4090
                0x200000ac        0x4 D:/NXP/S32DS.3.4/S32DS/build_tools/gcc_b1620/gcc-6.3-arm32-eabi/arm-none-eabi/newlib/lib/thumb/v7e-m\libnosys.a(sbrk.o)
 *(COMMON)
                0x200000b0                . = ALIGN (0x4)
                0x200000b0                __bss_end__ = .
                0x200000b0                __BSS_END = .

.heap           0x200000b0      0x400
                0x200000b0                . = ALIGN (0x8)
                0x200000b0                __end__ = .
                0x200000b0                __heap_start__ = .
                0x200000b0                PROVIDE (end, .)
                [!provide]                PROVIDE (_end, .)
                [!provide]                PROVIDE (__end, .)
                0x200000b0                __HeapBase = .
                0x200004b0                . = (. + HEAP_SIZE)
 *fill*         0x200000b0      0x400 
                0x200004b0                __HeapLimit = .
                0x200004b0                __heap_limit = .
                0x200004b0                __heap_end__ = .
                0x20007000                __StackTop = (ORIGIN (m_data_2) + LENGTH (m_data_2))
                0x20006c00                __StackLimit = (__StackTop - STACK_SIZE)
                0x20007000                PROVIDE (__stack, __StackTop)
                0x20007000                __RAM_END = __StackTop

.stack          0x20006c00      0x400
                0x20006c00                . = ALIGN (0x8)
                0x20006c00                __stack_start__ = .
                0x20007000                . = (. + STACK_SIZE)
 *fill*         0x20006c00      0x400 
                0x20007000                __stack_end__ = .

.ARM.attributes
                0x00000000       0x2a
 *(.ARM.attributes)
 .ARM.attributes
                0x00000000       0x1e d:/nxp/s32ds.3.4/s32ds/build_tools/gcc_v6.3/gcc-6.3-arm32-eabi/bin/../lib/gcc/arm-none-eabi/6.3.1/thumb/v7e-m/crti.o
 .ARM.attributes
                0x0000001e       0x1b ./Project_Settings/Startup_Code/startup_S32K144.o
 .ARM.attributes
                0x00000039       0x33 ./SDK/platform/devices/S32K144/startup/system_S32K144.o
 .ARM.attributes
                0x0000006c       0x33 ./SDK/platform/devices/startup.o
 .ARM.attributes
                0x0000009f       0x33 ./SDK/platform/drivers/src/clock/S32K1xx/clock_S32K1xx.o
 .ARM.attributes
                0x000000d2       0x33 ./SDK/platform/drivers/src/edma/edma_driver.o
 .ARM.attributes
                0x00000105       0x33 ./SDK/platform/drivers/src/edma/edma_hw_access.o
 .ARM.attributes
                0x00000138       0x33 ./SDK/platform/drivers/src/edma/edma_irq.o
 .ARM.attributes
                0x0000016b       0x33 ./SDK/platform/drivers/src/interrupt/interrupt_manager.o
 .ARM.attributes
                0x0000019e       0x33 ./SDK/platform/drivers/src/lpuart/lpuart_driver.o
 .ARM.attributes
                0x000001d1       0x33 ./SDK/platform/drivers/src/lpuart/lpuart_hw_access.o
 .ARM.attributes
                0x00000204       0x33 ./SDK/platform/drivers/src/lpuart/lpuart_irq.o
 .ARM.attributes
                0x00000237       0x33 ./SDK/platform/drivers/src/pins/pins_driver.o
 .ARM.attributes
                0x0000026a       0x33 ./SDK/platform/drivers/src/pins/pins_port_hw_access.o
 .ARM.attributes
                0x0000029d       0x33 ./SDK/rtos/osif/osif_baremetal.o
 .ARM.attributes
                0x000002d0       0x33 ./board/clock_config.o
 .ARM.attributes
                0x00000303       0x33 ./board/peripherals_terminal_screen.o
 .ARM.attributes
                0x00000336       0x33 ./board/pin_mux.o
 .ARM.attributes
                0x00000369       0x33 ./src/main.o
 .ARM.attributes
                0x0000039c       0x1e d:/nxp/s32ds.3.4/s32ds/build_tools/gcc_v6.3/gcc-6.3-arm32-eabi/bin/../lib/gcc/arm-none-eabi/6.3.1/thumb/v7e-m\libgcc.a(_arm_addsubdf3.o)
 .ARM.attributes
                0x000003ba       0x2e D:/NXP/S32DS.3.4/S32DS/build_tools/gcc_b1620/gcc-6.3-arm32-eabi/arm-none-eabi/newlib/lib/thumb/v7e-m\libc.a(lib_a-impure.o)
 .ARM.attributes
                0x000003e8       0x2e D:/NXP/S32DS.3.4/S32DS/build_tools/gcc_b1620/gcc-6.3-arm32-eabi/arm-none-eabi/newlib/lib/thumb/v7e-m\libc.a(lib_a-memset.o)
 .ARM.attributes
                0x00000416       0x2e D:/NXP/S32DS.3.4/S32DS/build_tools/gcc_b1620/gcc-6.3-arm32-eabi/arm-none-eabi/newlib/lib/thumb/v7e-m\libc.a(lib_a-sprintf.o)
 .ARM.attributes
                0x00000444       0x2e D:/NXP/S32DS.3.4/S32DS/build_tools/gcc_b1620/gcc-6.3-arm32-eabi/arm-none-eabi/newlib/lib/thumb/v7e-m\libc.a(lib_a-strcpy.o)
 .ARM.attributes
                0x00000472       0x2e D:/NXP/S32DS.3.4/S32DS/build_tools/gcc_b1620/gcc-6.3-arm32-eabi/arm-none-eabi/newlib/lib/thumb/v7e-m\libc.a(lib_a-svfprintf.o)
 .ARM.attributes
                0x000004a0       0x2e D:/NXP/S32DS.3.4/S32DS/build_tools/gcc_b1620/gcc-6.3-arm32-eabi/arm-none-eabi/newlib/lib/thumb/v7e-m\libc.a(lib_a-dtoa.o)
 .ARM.attributes
                0x000004ce       0x2e D:/NXP/S32DS.3.4/S32DS/build_tools/gcc_b1620/gcc-6.3-arm32-eabi/arm-none-eabi/newlib/lib/thumb/v7e-m\libc.a(lib_a-localeconv.o)
 .ARM.attributes
                0x000004fc       0x2e D:/NXP/S32DS.3.4/S32DS/build_tools/gcc_b1620/gcc-6.3-arm32-eabi/arm-none-eabi/newlib/lib/thumb/v7e-m\libc.a(lib_a-locale.o)
 .ARM.attributes
                0x0000052a       0x2e D:/NXP/S32DS.3.4/S32DS/build_tools/gcc_b1620/gcc-6.3-arm32-eabi/arm-none-eabi/newlib/lib/thumb/v7e-m\libc.a(lib_a-mallocr.o)
 .ARM.attributes
                0x00000558       0x2e D:/NXP/S32DS.3.4/S32DS/build_tools/gcc_b1620/gcc-6.3-arm32-eabi/arm-none-eabi/newlib/lib/thumb/v7e-m\libc.a(lib_a-mbtowc_r.o)
 .ARM.attributes
                0x00000586       0x1c D:/NXP/S32DS.3.4/S32DS/build_tools/gcc_b1620/gcc-6.3-arm32-eabi/arm-none-eabi/newlib/lib/thumb/v7e-m\libc.a(lib_a-memchr.o)
 .ARM.attributes
                0x000005a2       0x2e D:/NXP/S32DS.3.4/S32DS/build_tools/gcc_b1620/gcc-6.3-arm32-eabi/arm-none-eabi/newlib/lib/thumb/v7e-m\libc.a(lib_a-memcpy-stub.o)
 .ARM.attributes
                0x000005d0       0x2e D:/NXP/S32DS.3.4/S32DS/build_tools/gcc_b1620/gcc-6.3-arm32-eabi/arm-none-eabi/newlib/lib/thumb/v7e-m\libc.a(lib_a-mlock.o)
 .ARM.attributes
                0x000005fe       0x2e D:/NXP/S32DS.3.4/S32DS/build_tools/gcc_b1620/gcc-6.3-arm32-eabi/arm-none-eabi/newlib/lib/thumb/v7e-m\libc.a(lib_a-mprec.o)
 .ARM.attributes
                0x0000062c       0x2e D:/NXP/S32DS.3.4/S32DS/build_tools/gcc_b1620/gcc-6.3-arm32-eabi/arm-none-eabi/newlib/lib/thumb/v7e-m\libc.a(lib_a-sbrkr.o)
 .ARM.attributes
                0x0000065a       0x17 D:/NXP/S32DS.3.4/S32DS/build_tools/gcc_b1620/gcc-6.3-arm32-eabi/arm-none-eabi/newlib/lib/thumb/v7e-m\libc.a(lib_a-strlen.o)
 .ARM.attributes
                0x00000671       0x2e D:/NXP/S32DS.3.4/S32DS/build_tools/gcc_b1620/gcc-6.3-arm32-eabi/arm-none-eabi/newlib/lib/thumb/v7e-m\libc.a(lib_a-svfiprintf.o)
 .ARM.attributes
                0x0000069f       0x2e D:/NXP/S32DS.3.4/S32DS/build_tools/gcc_b1620/gcc-6.3-arm32-eabi/arm-none-eabi/newlib/lib/thumb/v7e-m\libc.a(lib_a-wctomb_r.o)
 .ARM.attributes
                0x000006cd       0x2e D:/NXP/S32DS.3.4/S32DS/build_tools/gcc_b1620/gcc-6.3-arm32-eabi/arm-none-eabi/newlib/lib/thumb/v7e-m\libc.a(lib_a-callocr.o)
 .ARM.attributes
                0x000006fb       0x2e D:/NXP/S32DS.3.4/S32DS/build_tools/gcc_b1620/gcc-6.3-arm32-eabi/arm-none-eabi/newlib/lib/thumb/v7e-m\libc.a(lib_a-ctype_.o)
 .ARM.attributes
                0x00000729       0x2e D:/NXP/S32DS.3.4/S32DS/build_tools/gcc_b1620/gcc-6.3-arm32-eabi/arm-none-eabi/newlib/lib/thumb/v7e-m\libc.a(lib_a-freer.o)
 .ARM.attributes
                0x00000757       0x2e D:/NXP/S32DS.3.4/S32DS/build_tools/gcc_b1620/gcc-6.3-arm32-eabi/arm-none-eabi/newlib/lib/thumb/v7e-m\libc.a(lib_a-memmove.o)
 .ARM.attributes
                0x00000785       0x2e D:/NXP/S32DS.3.4/S32DS/build_tools/gcc_b1620/gcc-6.3-arm32-eabi/arm-none-eabi/newlib/lib/thumb/v7e-m\libc.a(lib_a-reallocr.o)
 .ARM.attributes
                0x000007b3       0x2e D:/NXP/S32DS.3.4/S32DS/build_tools/gcc_b1620/gcc-6.3-arm32-eabi/arm-none-eabi/newlib/lib/thumb/v7e-m\libc.a(lib_a-reent.o)
 .ARM.attributes
                0x000007e1       0x1e d:/nxp/s32ds.3.4/s32ds/build_tools/gcc_v6.3/gcc-6.3-arm32-eabi/bin/../lib/gcc/arm-none-eabi/6.3.1/thumb/v7e-m\libgcc.a(_arm_muldivdf3.o)
 .ARM.attributes
                0x000007ff       0x1e d:/nxp/s32ds.3.4/s32ds/build_tools/gcc_v6.3/gcc-6.3-arm32-eabi/bin/../lib/gcc/arm-none-eabi/6.3.1/thumb/v7e-m\libgcc.a(_arm_cmpdf2.o)
 .ARM.attributes
                0x0000081d       0x1e d:/nxp/s32ds.3.4/s32ds/build_tools/gcc_v6.3/gcc-6.3-arm32-eabi/bin/../lib/gcc/arm-none-eabi/6.3.1/thumb/v7e-m\libgcc.a(_arm_unorddf2.o)
 .ARM.attributes
                0x0000083b       0x1e d:/nxp/s32ds.3.4/s32ds/build_tools/gcc_v6.3/gcc-6.3-arm32-eabi/bin/../lib/gcc/arm-none-eabi/6.3.1/thumb/v7e-m\libgcc.a(_arm_fixdfsi.o)
 .ARM.attributes
                0x00000859       0x1e d:/nxp/s32ds.3.4/s32ds/build_tools/gcc_v6.3/gcc-6.3-arm32-eabi/bin/../lib/gcc/arm-none-eabi/6.3.1/thumb/v7e-m\libgcc.a(_aeabi_uldivmod.o)
 .ARM.attributes
                0x00000877       0x2e d:/nxp/s32ds.3.4/s32ds/build_tools/gcc_v6.3/gcc-6.3-arm32-eabi/bin/../lib/gcc/arm-none-eabi/6.3.1/thumb/v7e-m\libgcc.a(_udivmoddi4.o)
 .ARM.attributes
                0x000008a5       0x1e d:/nxp/s32ds.3.4/s32ds/build_tools/gcc_v6.3/gcc-6.3-arm32-eabi/bin/../lib/gcc/arm-none-eabi/6.3.1/thumb/v7e-m\libgcc.a(_dvmd_tls.o)
 .ARM.attributes
                0x000008c3       0x2e D:/NXP/S32DS.3.4/S32DS/build_tools/gcc_b1620/gcc-6.3-arm32-eabi/arm-none-eabi/newlib/lib/thumb/v7e-m\libnosys.a(sbrk.o)
                0x00000001                ASSERT ((__rom_end <= (ORIGIN (m_text) + LENGTH (m_text))), Region m_text overflowed!)
                0x00000001                ASSERT ((__StackLimit >= __HeapLimit), region m_data_2 overflowed with stack and heap)
OUTPUT(UART_TX_RX_Pre_Defined_Variable_Float.elf elf32-littlearm)

.debug_line     0x00000000     0x72a5
 .debug_line    0x00000000       0xcc ./Project_Settings/Startup_Code/startup_S32K144.o
 .debug_line    0x000000cc      0x428 ./SDK/platform/devices/S32K144/startup/system_S32K144.o
 .debug_line    0x000004f4      0x3b1 ./SDK/platform/devices/startup.o
 .debug_line    0x000008a5     0x1367 ./SDK/platform/drivers/src/clock/S32K1xx/clock_S32K1xx.o
 .debug_line    0x00001c0c      0xa50 ./SDK/platform/drivers/src/edma/edma_driver.o
 .debug_line    0x0000265c      0x5ce ./SDK/platform/drivers/src/edma/edma_hw_access.o
 .debug_line    0x00002c2a      0x57f ./SDK/platform/drivers/src/edma/edma_irq.o
 .debug_line    0x000031a9      0x54d ./SDK/platform/drivers/src/interrupt/interrupt_manager.o
 .debug_line    0x000036f6      0xbc5 ./SDK/platform/drivers/src/lpuart/lpuart_driver.o
 .debug_line    0x000042bb      0x65a ./SDK/platform/drivers/src/lpuart/lpuart_hw_access.o
 .debug_line    0x00004915      0x45a ./SDK/platform/drivers/src/lpuart/lpuart_irq.o
 .debug_line    0x00004d6f      0x6be ./SDK/platform/drivers/src/pins/pins_driver.o
 .debug_line    0x0000542d      0x556 ./SDK/platform/drivers/src/pins/pins_port_hw_access.o
 .debug_line    0x00005983      0x5f7 ./SDK/rtos/osif/osif_baremetal.o
 .debug_line    0x00005f7a      0x451 ./board/clock_config.o
 .debug_line    0x000063cb      0x498 ./board/peripherals_terminal_screen.o
 .debug_line    0x00006863      0x3ea ./board/pin_mux.o
 .debug_line    0x00006c4d      0x658 ./src/main.o

.debug_info     0x00000000    0x157ca
 .debug_info    0x00000000       0x26 ./Project_Settings/Startup_Code/startup_S32K144.o
 .debug_info    0x00000026      0x521 ./SDK/platform/devices/S32K144/startup/system_S32K144.o
 .debug_info    0x00000547      0x2ad ./SDK/platform/devices/startup.o
 .debug_info    0x000007f4     0x5dd2 ./SDK/platform/drivers/src/clock/S32K1xx/clock_S32K1xx.o
 .debug_info    0x000065c6     0x3770 ./SDK/platform/drivers/src/edma/edma_driver.o
 .debug_info    0x00009d36      0x95d ./SDK/platform/drivers/src/edma/edma_hw_access.o
 .debug_info    0x0000a693      0x6da ./SDK/platform/drivers/src/edma/edma_irq.o
 .debug_info    0x0000ad6d      0x997 ./SDK/platform/drivers/src/interrupt/interrupt_manager.o
 .debug_info    0x0000b704     0x3000 ./SDK/platform/drivers/src/lpuart/lpuart_driver.o
 .debug_info    0x0000e704      0x96c ./SDK/platform/drivers/src/lpuart/lpuart_hw_access.o
 .debug_info    0x0000f070      0x127 ./SDK/platform/drivers/src/lpuart/lpuart_irq.o
 .debug_info    0x0000f197     0x1405 ./SDK/platform/drivers/src/pins/pins_driver.o
 .debug_info    0x0001059c      0x8d8 ./SDK/platform/drivers/src/pins/pins_port_hw_access.o
 .debug_info    0x00010e74      0xac5 ./SDK/rtos/osif/osif_baremetal.o
 .debug_info    0x00011939     0x12b9 ./board/clock_config.o
 .debug_info    0x00012bf2      0x5cd ./board/peripherals_terminal_screen.o
 .debug_info    0x000131bf      0x439 ./board/pin_mux.o
 .debug_info    0x000135f8     0x21d2 ./src/main.o

.debug_abbrev   0x00000000     0x22eb
 .debug_abbrev  0x00000000       0x14 ./Project_Settings/Startup_Code/startup_S32K144.o
 .debug_abbrev  0x00000014      0x141 ./SDK/platform/devices/S32K144/startup/system_S32K144.o
 .debug_abbrev  0x00000155       0xe1 ./SDK/platform/devices/startup.o
 .debug_abbrev  0x00000236      0x3e4 ./SDK/platform/drivers/src/clock/S32K1xx/clock_S32K1xx.o
 .debug_abbrev  0x0000061a      0x423 ./SDK/platform/drivers/src/edma/edma_driver.o
 .debug_abbrev  0x00000a3d      0x206 ./SDK/platform/drivers/src/edma/edma_hw_access.o
 .debug_abbrev  0x00000c43      0x1b9 ./SDK/platform/drivers/src/edma/edma_irq.o
 .debug_abbrev  0x00000dfc      0x1f5 ./SDK/platform/drivers/src/interrupt/interrupt_manager.o
 .debug_abbrev  0x00000ff1      0x3a3 ./SDK/platform/drivers/src/lpuart/lpuart_driver.o
 .debug_abbrev  0x00001394      0x1d1 ./SDK/platform/drivers/src/lpuart/lpuart_hw_access.o
 .debug_abbrev  0x00001565       0xba ./SDK/platform/drivers/src/lpuart/lpuart_irq.o
 .debug_abbrev  0x0000161f      0x2dc ./SDK/platform/drivers/src/pins/pins_driver.o
 .debug_abbrev  0x000018fb      0x1f6 ./SDK/platform/drivers/src/pins/pins_port_hw_access.o
 .debug_abbrev  0x00001af1      0x2c7 ./SDK/rtos/osif/osif_baremetal.o
 .debug_abbrev  0x00001db8      0x125 ./board/clock_config.o
 .debug_abbrev  0x00001edd       0xbf ./board/peripherals_terminal_screen.o
 .debug_abbrev  0x00001f9c       0xcd ./board/pin_mux.o
 .debug_abbrev  0x00002069      0x282 ./src/main.o

.debug_aranges  0x00000000      0x828
 .debug_aranges
                0x00000000       0x20 ./Project_Settings/Startup_Code/startup_S32K144.o
 .debug_aranges
                0x00000020       0x30 ./SDK/platform/devices/S32K144/startup/system_S32K144.o
 .debug_aranges
                0x00000050       0x20 ./SDK/platform/devices/startup.o
 .debug_aranges
                0x00000070      0x128 ./SDK/platform/drivers/src/clock/S32K1xx/clock_S32K1xx.o
 .debug_aranges
                0x00000198      0x138 ./SDK/platform/drivers/src/edma/edma_driver.o
 .debug_aranges
                0x000002d0       0x88 ./SDK/platform/drivers/src/edma/edma_hw_access.o
 .debug_aranges
                0x00000358       0xa0 ./SDK/platform/drivers/src/edma/edma_irq.o
 .debug_aranges
                0x000003f8       0x70 ./SDK/platform/drivers/src/interrupt/interrupt_manager.o
 .debug_aranges
                0x00000468      0x118 ./SDK/platform/drivers/src/lpuart/lpuart_driver.o
 .debug_aranges
                0x00000580       0x78 ./SDK/platform/drivers/src/lpuart/lpuart_hw_access.o
 .debug_aranges
                0x000005f8       0x30 ./SDK/platform/drivers/src/lpuart/lpuart_irq.o
 .debug_aranges
                0x00000628       0xe0 ./SDK/platform/drivers/src/pins/pins_driver.o
 .debug_aranges
                0x00000708       0x40 ./SDK/platform/drivers/src/pins/pins_port_hw_access.o
 .debug_aranges
                0x00000748       0x70 ./SDK/rtos/osif/osif_baremetal.o
 .debug_aranges
                0x000007b8       0x18 ./board/clock_config.o
 .debug_aranges
                0x000007d0       0x18 ./board/peripherals_terminal_screen.o
 .debug_aranges
                0x000007e8       0x18 ./board/pin_mux.o
 .debug_aranges
                0x00000800       0x28 ./src/main.o

.debug_str      0x00000000    0x74ee1
 .debug_str     0x00000000       0xca ./Project_Settings/Startup_Code/startup_S32K144.o
 .debug_str     0x000000ca    0x69391 ./SDK/platform/devices/S32K144/startup/system_S32K144.o
                              0x6951c (size before relaxing)
 .debug_str     0x0006945b      0x399 ./SDK/platform/devices/startup.o
                              0x6968e (size before relaxing)
 .debug_str     0x000697f4     0x4180 ./SDK/platform/drivers/src/clock/S32K1xx/clock_S32K1xx.o
                              0x6d821 (size before relaxing)
 .debug_str     0x0006d974     0x1ef2 ./SDK/platform/drivers/src/edma/edma_driver.o
                              0x6bfef (size before relaxing)
 .debug_str     0x0006f866       0x78 ./SDK/platform/drivers/src/edma/edma_hw_access.o
                              0x69be3 (size before relaxing)
 .debug_str     0x0006f8de      0x194 ./SDK/platform/drivers/src/edma/edma_irq.o
                              0x698f8 (size before relaxing)
 .debug_str     0x0006fa72      0x1b2 ./SDK/platform/drivers/src/interrupt/interrupt_manager.o
                              0x69df9 (size before relaxing)
 .debug_str     0x0006fc24      0xf2b ./SDK/platform/drivers/src/lpuart/lpuart_driver.o
                              0x6bc11 (size before relaxing)
 .debug_str     0x00070b4f       0xf6 ./SDK/platform/drivers/src/lpuart/lpuart_hw_access.o
                              0x6a592 (size before relaxing)
 .debug_str     0x00070c45       0x9b ./SDK/platform/drivers/src/lpuart/lpuart_irq.o
                              0x69307 (size before relaxing)
 .debug_str     0x00070ce0      0xaa2 ./SDK/platform/drivers/src/pins/pins_driver.o
                              0x6a8a6 (size before relaxing)
 .debug_str     0x00071782      0x1cf ./SDK/platform/drivers/src/pins/pins_port_hw_access.o
                              0x69d8e (size before relaxing)
 .debug_str     0x00071951      0x1e9 ./SDK/rtos/osif/osif_baremetal.o
                              0x6a64f (size before relaxing)
 .debug_str     0x00071b3a       0xda ./board/clock_config.o
                              0x6b5d4 (size before relaxing)
 .debug_str     0x00071c14       0x82 ./board/peripherals_terminal_screen.o
                              0x6a24b (size before relaxing)
 .debug_str     0x00071c96       0x53 ./board/pin_mux.o
                              0x69a67 (size before relaxing)
 .debug_str     0x00071ce9     0x31f8 ./src/main.o
                              0x6ef60 (size before relaxing)

.debug_loc      0x00000000     0xbb2d
 .debug_loc     0x00000000      0x10a ./SDK/platform/devices/S32K144/startup/system_S32K144.o
 .debug_loc     0x0000010a       0xec ./SDK/platform/devices/startup.o
 .debug_loc     0x000001f6     0x519d ./SDK/platform/drivers/src/clock/S32K1xx/clock_S32K1xx.o
 .debug_loc     0x00005393     0x28d9 ./SDK/platform/drivers/src/edma/edma_driver.o
 .debug_loc     0x00007c6c      0x6fa ./SDK/platform/drivers/src/edma/edma_hw_access.o
 .debug_loc     0x00008366       0x50 ./SDK/platform/drivers/src/edma/edma_irq.o
 .debug_loc     0x000083b6      0x252 ./SDK/platform/drivers/src/interrupt/interrupt_manager.o
 .debug_loc     0x00008608     0x1e40 ./SDK/platform/drivers/src/lpuart/lpuart_driver.o
 .debug_loc     0x0000a448      0x738 ./SDK/platform/drivers/src/lpuart/lpuart_hw_access.o
 .debug_loc     0x0000ab80      0x77f ./SDK/platform/drivers/src/pins/pins_driver.o
 .debug_loc     0x0000b2ff      0x56a ./SDK/platform/drivers/src/pins/pins_port_hw_access.o
 .debug_loc     0x0000b869      0x275 ./SDK/rtos/osif/osif_baremetal.o
 .debug_loc     0x0000bade       0x4f ./src/main.o

.debug_ranges   0x00000000      0xb60
 .debug_ranges  0x00000000       0x20 ./SDK/platform/devices/S32K144/startup/system_S32K144.o
 .debug_ranges  0x00000020       0x10 ./SDK/platform/devices/startup.o
 .debug_ranges  0x00000030      0x488 ./SDK/platform/drivers/src/clock/S32K1xx/clock_S32K1xx.o
 .debug_ranges  0x000004b8      0x158 ./SDK/platform/drivers/src/edma/edma_driver.o
 .debug_ranges  0x00000610       0x90 ./SDK/platform/drivers/src/edma/edma_hw_access.o
 .debug_ranges  0x000006a0       0x90 ./SDK/platform/drivers/src/edma/edma_irq.o
 .debug_ranges  0x00000730       0x98 ./SDK/platform/drivers/src/interrupt/interrupt_manager.o
 .debug_ranges  0x000007c8      0x168 ./SDK/platform/drivers/src/lpuart/lpuart_driver.o
 .debug_ranges  0x00000930       0x68 ./SDK/platform/drivers/src/lpuart/lpuart_hw_access.o
 .debug_ranges  0x00000998       0x20 ./SDK/platform/drivers/src/lpuart/lpuart_irq.o
 .debug_ranges  0x000009b8       0xd0 ./SDK/platform/drivers/src/pins/pins_driver.o
 .debug_ranges  0x00000a88       0x30 ./SDK/platform/drivers/src/pins/pins_port_hw_access.o
 .debug_ranges  0x00000ab8       0x90 ./SDK/rtos/osif/osif_baremetal.o
 .debug_ranges  0x00000b48       0x18 ./src/main.o

.debug_macro    0x00000000    0x21296
 .debug_macro   0x00000000       0xb6 ./SDK/platform/devices/S32K144/startup/system_S32K144.o
 .debug_macro   0x000000b6      0x8ce ./SDK/platform/devices/S32K144/startup/system_S32K144.o
 .debug_macro   0x00000984       0x10 ./SDK/platform/devices/S32K144/startup/system_S32K144.o
 .debug_macro   0x00000994       0x73 ./SDK/platform/devices/S32K144/startup/system_S32K144.o
 .debug_macro   0x00000a07       0x19 ./SDK/platform/devices/S32K144/startup/system_S32K144.o
 .debug_macro   0x00000a20       0x22 ./SDK/platform/devices/S32K144/startup/system_S32K144.o
 .debug_macro   0x00000a42       0x4f ./SDK/platform/devices/S32K144/startup/system_S32K144.o
 .debug_macro   0x00000a91       0x51 ./SDK/platform/devices/S32K144/startup/system_S32K144.o
 .debug_macro   0x00000ae2       0xef ./SDK/platform/devices/S32K144/startup/system_S32K144.o
 .debug_macro   0x00000bd1       0x6a ./SDK/platform/devices/S32K144/startup/system_S32K144.o
 .debug_macro   0x00000c3b      0x1df ./SDK/platform/devices/S32K144/startup/system_S32K144.o
 .debug_macro   0x00000e1a     0xee9e ./SDK/platform/devices/S32K144/startup/system_S32K144.o
 .debug_macro   0x0000fcb8      0xbbd ./SDK/platform/devices/S32K144/startup/system_S32K144.o
 .debug_macro   0x00010875       0x22 ./SDK/platform/devices/S32K144/startup/system_S32K144.o
 .debug_macro   0x00010897       0x28 ./SDK/platform/devices/S32K144/startup/system_S32K144.o
 .debug_macro   0x000108bf       0xb6 ./SDK/platform/devices/startup.o
 .debug_macro   0x00010975     0xeeb3 ./SDK/platform/devices/startup.o
 .debug_macro   0x0001f828       0x40 ./SDK/platform/devices/startup.o
 .debug_macro   0x0001f868      0x2b0 ./SDK/platform/drivers/src/clock/S32K1xx/clock_S32K1xx.o
 .debug_macro   0x0001fb18      0x16d ./SDK/platform/drivers/src/clock/S32K1xx/clock_S32K1xx.o
 .debug_macro   0x0001fc85       0x16 ./SDK/platform/drivers/src/clock/S32K1xx/clock_S32K1xx.o
 .debug_macro   0x0001fc9b       0x8a ./SDK/platform/drivers/src/clock/S32K1xx/clock_S32K1xx.o
 .debug_macro   0x0001fd25       0xf7 ./SDK/platform/drivers/src/edma/edma_driver.o
 .debug_macro   0x0001fe1c       0x10 ./SDK/platform/drivers/src/edma/edma_driver.o
 .debug_macro   0x0001fe2c       0x16 ./SDK/platform/drivers/src/edma/edma_driver.o
 .debug_macro   0x0001fe42       0xcc ./SDK/platform/drivers/src/edma/edma_hw_access.o
 .debug_macro   0x0001ff0e       0xd0 ./SDK/platform/drivers/src/edma/edma_irq.o
 .debug_macro   0x0001ffde       0xca ./SDK/platform/drivers/src/interrupt/interrupt_manager.o
 .debug_macro   0x000200a8      0x131 ./SDK/platform/drivers/src/lpuart/lpuart_driver.o
 .debug_macro   0x000201d9       0x10 ./SDK/platform/drivers/src/lpuart/lpuart_driver.o
 .debug_macro   0x000201e9       0x34 ./SDK/platform/drivers/src/lpuart/lpuart_driver.o
 .debug_macro   0x0002021d      0x109 ./SDK/platform/drivers/src/lpuart/lpuart_hw_access.o
 .debug_macro   0x00020326       0xc1 ./SDK/platform/drivers/src/lpuart/lpuart_irq.o
 .debug_macro   0x000203e7       0xde ./SDK/platform/drivers/src/pins/pins_driver.o
 .debug_macro   0x000204c5       0xde ./SDK/platform/drivers/src/pins/pins_port_hw_access.o
 .debug_macro   0x000205a3       0xfb ./SDK/rtos/osif/osif_baremetal.o
 .debug_macro   0x0002069e       0xd9 ./board/clock_config.o
 .debug_macro   0x00020777       0x16 ./board/clock_config.o
 .debug_macro   0x0002078d      0x10a ./board/peripherals_terminal_screen.o
 .debug_macro   0x00020897       0xda ./board/pin_mux.o
 .debug_macro   0x00020971      0x20f ./src/main.o
 .debug_macro   0x00020b80       0x52 ./src/main.o
 .debug_macro   0x00020bd2       0x3c ./src/main.o
 .debug_macro   0x00020c0e       0x9c ./src/main.o
 .debug_macro   0x00020caa       0x52 ./src/main.o
 .debug_macro   0x00020cfc       0x1f ./src/main.o
 .debug_macro   0x00020d1b       0x43 ./src/main.o
 .debug_macro   0x00020d5e       0x20 ./src/main.o
 .debug_macro   0x00020d7e      0x1a3 ./src/main.o
 .debug_macro   0x00020f21      0x330 ./src/main.o
 .debug_macro   0x00021251       0x10 ./src/main.o
 .debug_macro   0x00021261       0x35 ./src/main.o

.comment        0x00000000       0xa0
 .comment       0x00000000       0xa0 ./SDK/platform/devices/S32K144/startup/system_S32K144.o
                                 0xa1 (size before relaxing)
 .comment       0x000000a0       0xa1 ./SDK/platform/devices/startup.o
 .comment       0x000000a0       0xa1 ./SDK/platform/drivers/src/clock/S32K1xx/clock_S32K1xx.o
 .comment       0x000000a0       0xa1 ./SDK/platform/drivers/src/edma/edma_driver.o
 .comment       0x000000a0       0xa1 ./SDK/platform/drivers/src/edma/edma_hw_access.o
 .comment       0x000000a0       0xa1 ./SDK/platform/drivers/src/edma/edma_irq.o
 .comment       0x000000a0       0xa1 ./SDK/platform/drivers/src/interrupt/interrupt_manager.o
 .comment       0x000000a0       0xa1 ./SDK/platform/drivers/src/lpuart/lpuart_driver.o
 .comment       0x000000a0       0xa1 ./SDK/platform/drivers/src/lpuart/lpuart_hw_access.o
 .comment       0x000000a0       0xa1 ./SDK/platform/drivers/src/lpuart/lpuart_irq.o
 .comment       0x000000a0       0xa1 ./SDK/platform/drivers/src/pins/pins_driver.o
 .comment       0x000000a0       0xa1 ./SDK/platform/drivers/src/pins/pins_port_hw_access.o
 .comment       0x000000a0       0xa1 ./SDK/rtos/osif/osif_baremetal.o
 .comment       0x000000a0       0xa1 ./board/clock_config.o
 .comment       0x000000a0       0xa1 ./board/peripherals_terminal_screen.o
 .comment       0x000000a0       0xa1 ./board/pin_mux.o
 .comment       0x000000a0       0xa1 ./src/main.o

.debug_frame    0x00000000     0x1da4
 .debug_frame   0x00000000       0x40 ./SDK/platform/devices/S32K144/startup/system_S32K144.o
 .debug_frame   0x00000040       0x2c ./SDK/platform/devices/startup.o
 .debug_frame   0x0000006c      0x398 ./SDK/platform/drivers/src/clock/S32K1xx/clock_S32K1xx.o
 .debug_frame   0x00000404      0x388 ./SDK/platform/drivers/src/edma/edma_driver.o
 .debug_frame   0x0000078c      0x144 ./SDK/platform/drivers/src/edma/edma_hw_access.o
 .debug_frame   0x000008d0      0x1ac ./SDK/platform/drivers/src/edma/edma_irq.o
 .debug_frame   0x00000a7c       0xd8 ./SDK/platform/drivers/src/interrupt/interrupt_manager.o
 .debug_frame   0x00000b54      0x398 ./SDK/platform/drivers/src/lpuart/lpuart_driver.o
 .debug_frame   0x00000eec       0xf4 ./SDK/platform/drivers/src/lpuart/lpuart_hw_access.o
 .debug_frame   0x00000fe0       0x58 ./SDK/platform/drivers/src/lpuart/lpuart_irq.o
 .debug_frame   0x00001038      0x1e4 ./SDK/platform/drivers/src/pins/pins_driver.o
 .debug_frame   0x0000121c       0x98 ./SDK/platform/drivers/src/pins/pins_port_hw_access.o
 .debug_frame   0x000012b4       0xf8 ./SDK/rtos/osif/osif_baremetal.o
 .debug_frame   0x000013ac       0x4c ./src/main.o
 .debug_frame   0x000013f8       0xac d:/nxp/s32ds.3.4/s32ds/build_tools/gcc_v6.3/gcc-6.3-arm32-eabi/bin/../lib/gcc/arm-none-eabi/6.3.1/thumb/v7e-m\libgcc.a(_arm_addsubdf3.o)
 .debug_frame   0x000014a4       0x20 D:/NXP/S32DS.3.4/S32DS/build_tools/gcc_b1620/gcc-6.3-arm32-eabi/arm-none-eabi/newlib/lib/thumb/v7e-m\libc.a(lib_a-memset.o)
 .debug_frame   0x000014c4       0x70 D:/NXP/S32DS.3.4/S32DS/build_tools/gcc_b1620/gcc-6.3-arm32-eabi/arm-none-eabi/newlib/lib/thumb/v7e-m\libc.a(lib_a-sprintf.o)
 .debug_frame   0x00001534       0x20 D:/NXP/S32DS.3.4/S32DS/build_tools/gcc_b1620/gcc-6.3-arm32-eabi/arm-none-eabi/newlib/lib/thumb/v7e-m\libc.a(lib_a-strcpy.o)
 .debug_frame   0x00001554       0x40 D:/NXP/S32DS.3.4/S32DS/build_tools/gcc_b1620/gcc-6.3-arm32-eabi/arm-none-eabi/newlib/lib/thumb/v7e-m\libc.a(lib_a-svfprintf.o)
 .debug_frame   0x00001594       0x6c D:/NXP/S32DS.3.4/S32DS/build_tools/gcc_b1620/gcc-6.3-arm32-eabi/arm-none-eabi/newlib/lib/thumb/v7e-m\libc.a(lib_a-dtoa.o)
 .debug_frame   0x00001600       0x40 D:/NXP/S32DS.3.4/S32DS/build_tools/gcc_b1620/gcc-6.3-arm32-eabi/arm-none-eabi/newlib/lib/thumb/v7e-m\libc.a(lib_a-localeconv.o)
 .debug_frame   0x00001640       0x48 D:/NXP/S32DS.3.4/S32DS/build_tools/gcc_b1620/gcc-6.3-arm32-eabi/arm-none-eabi/newlib/lib/thumb/v7e-m\libc.a(lib_a-locale.o)
 .debug_frame   0x00001688       0x40 D:/NXP/S32DS.3.4/S32DS/build_tools/gcc_b1620/gcc-6.3-arm32-eabi/arm-none-eabi/newlib/lib/thumb/v7e-m\libc.a(lib_a-mallocr.o)
 .debug_frame   0x000016c8       0x48 D:/NXP/S32DS.3.4/S32DS/build_tools/gcc_b1620/gcc-6.3-arm32-eabi/arm-none-eabi/newlib/lib/thumb/v7e-m\libc.a(lib_a-mbtowc_r.o)
 .debug_frame   0x00001710       0x28 D:/NXP/S32DS.3.4/S32DS/build_tools/gcc_b1620/gcc-6.3-arm32-eabi/arm-none-eabi/newlib/lib/thumb/v7e-m\libc.a(lib_a-memcpy-stub.o)
 .debug_frame   0x00001738       0x30 D:/NXP/S32DS.3.4/S32DS/build_tools/gcc_b1620/gcc-6.3-arm32-eabi/arm-none-eabi/newlib/lib/thumb/v7e-m\libc.a(lib_a-mlock.o)
 .debug_frame   0x00001768      0x238 D:/NXP/S32DS.3.4/S32DS/build_tools/gcc_b1620/gcc-6.3-arm32-eabi/arm-none-eabi/newlib/lib/thumb/v7e-m\libc.a(lib_a-mprec.o)
 .debug_frame   0x000019a0       0x2c D:/NXP/S32DS.3.4/S32DS/build_tools/gcc_b1620/gcc-6.3-arm32-eabi/arm-none-eabi/newlib/lib/thumb/v7e-m\libc.a(lib_a-sbrkr.o)
 .debug_frame   0x000019cc       0x6c D:/NXP/S32DS.3.4/S32DS/build_tools/gcc_b1620/gcc-6.3-arm32-eabi/arm-none-eabi/newlib/lib/thumb/v7e-m\libc.a(lib_a-svfiprintf.o)
 .debug_frame   0x00001a38       0x3c D:/NXP/S32DS.3.4/S32DS/build_tools/gcc_b1620/gcc-6.3-arm32-eabi/arm-none-eabi/newlib/lib/thumb/v7e-m\libc.a(lib_a-wctomb_r.o)
 .debug_frame   0x00001a74       0x28 D:/NXP/S32DS.3.4/S32DS/build_tools/gcc_b1620/gcc-6.3-arm32-eabi/arm-none-eabi/newlib/lib/thumb/v7e-m\libc.a(lib_a-callocr.o)
 .debug_frame   0x00001a9c       0x5c D:/NXP/S32DS.3.4/S32DS/build_tools/gcc_b1620/gcc-6.3-arm32-eabi/arm-none-eabi/newlib/lib/thumb/v7e-m\libc.a(lib_a-freer.o)
 .debug_frame   0x00001af8       0x28 D:/NXP/S32DS.3.4/S32DS/build_tools/gcc_b1620/gcc-6.3-arm32-eabi/arm-none-eabi/newlib/lib/thumb/v7e-m\libc.a(lib_a-memmove.o)
 .debug_frame   0x00001b20       0x50 D:/NXP/S32DS.3.4/S32DS/build_tools/gcc_b1620/gcc-6.3-arm32-eabi/arm-none-eabi/newlib/lib/thumb/v7e-m\libc.a(lib_a-reallocr.o)
 .debug_frame   0x00001b70       0x5c D:/NXP/S32DS.3.4/S32DS/build_tools/gcc_b1620/gcc-6.3-arm32-eabi/arm-none-eabi/newlib/lib/thumb/v7e-m\libc.a(lib_a-reent.o)
 .debug_frame   0x00001bcc       0x50 d:/nxp/s32ds.3.4/s32ds/build_tools/gcc_v6.3/gcc-6.3-arm32-eabi/bin/../lib/gcc/arm-none-eabi/6.3.1/thumb/v7e-m\libgcc.a(_arm_muldivdf3.o)
 .debug_frame   0x00001c1c       0xc4 d:/nxp/s32ds.3.4/s32ds/build_tools/gcc_v6.3/gcc-6.3-arm32-eabi/bin/../lib/gcc/arm-none-eabi/6.3.1/thumb/v7e-m\libgcc.a(_arm_cmpdf2.o)
 .debug_frame   0x00001ce0       0x20 d:/nxp/s32ds.3.4/s32ds/build_tools/gcc_v6.3/gcc-6.3-arm32-eabi/bin/../lib/gcc/arm-none-eabi/6.3.1/thumb/v7e-m\libgcc.a(_arm_unorddf2.o)
 .debug_frame   0x00001d00       0x24 d:/nxp/s32ds.3.4/s32ds/build_tools/gcc_v6.3/gcc-6.3-arm32-eabi/bin/../lib/gcc/arm-none-eabi/6.3.1/thumb/v7e-m\libgcc.a(_arm_fixdfsi.o)
 .debug_frame   0x00001d24       0x2c d:/nxp/s32ds.3.4/s32ds/build_tools/gcc_v6.3/gcc-6.3-arm32-eabi/bin/../lib/gcc/arm-none-eabi/6.3.1/thumb/v7e-m\libgcc.a(_aeabi_uldivmod.o)
 .debug_frame   0x00001d50       0x34 d:/nxp/s32ds.3.4/s32ds/build_tools/gcc_v6.3/gcc-6.3-arm32-eabi/bin/../lib/gcc/arm-none-eabi/6.3.1/thumb/v7e-m\libgcc.a(_udivmoddi4.o)
 .debug_frame   0x00001d84       0x20 D:/NXP/S32DS.3.4/S32DS/build_tools/gcc_b1620/gcc-6.3-arm32-eabi/arm-none-eabi/newlib/lib/thumb/v7e-m\libnosys.a(sbrk.o)
